
Command: C:\Users\26770\Desktop\correlated_activity_transformer\.venv\Scripts\python.exe C:\Users\26770\Desktop\correlated_activity_transformer\network\train.py
Args: {"activity_prob": 0.1, "amp": true, "amp_dtype": "bf16", "attn_dropout": 0.0, "bandwidth_hz": 10000000.0, "batch_size": 128, "cell_radius_m": 250.0, "ctx_attn_dropout": 0.0, "data_mode": "correlated", "device": "cuda", "dim": 128, "epochs": 10, "eval_batches": 20, "eval_threshold": 0.5, "ff_dim": 512, "ffn_dropout": 0.0, "fixed_eval_set": true, "grad_clip": 0.0, "head_dim": 32, "log_file": "models\\checkpoints\\train.log", "lr": 0.0001, "lr_decay_epochs": "90,97", "lr_decay_factor": 0.1, "model_name": "grouped", "noise_mode": "snr", "noise_power_dbm_hz": -169.0, "norm_type": "batch", "num_antennas": 32, "num_devices": 100, "num_groups": 4, "num_heads": 8, "num_layers": 5, "pilot_len": 30, "pmax_dbm": 23.0, "save_dir": "models\\checkpoints", "score_scale": 10.0, "seed": 42, "snr_db": 20.0, "steps_per_epoch": 2000, "warmup_epochs": 0}
System: {"activity_prob": 0.1875, "bandwidth_hz": 10000000.0, "cell_radius_m": 250.0, "group_beta_params": [[0.085, 0.765], [0.0975, 0.5525], [0.099, 0.351], [0.07, 0.18]], "noise_mode": "snr", "noise_power_dbm_hz": -169.0, "num_antennas": 32, "num_devices": 100, "pilot_len": 30, "pmax_dbm": 23.0, "snr_db": 20.0}
Model: {"attn_dropout": 0.0, "ctx_attn_dropout": 0.0, "dim": 128, "ff_dim": 512, "ffn_dropout": 0.0, "head_dim": 32, "model_name": "grouped", "norm_type": "batch", "num_devices": 100, "num_groups": 4, "num_heads": 8, "num_layers": 5, "pilot_len": 30, "score_scale": 10.0}

Epoch 001 | loss=0.315818 | PM@0.50=0.273641 | PF@0.50=0.249158 | p_mean=0.3976 | skip=0 | lr=1.00e-04
Epoch 002 | loss=0.304335 | PM@0.50=0.226401 | PF@0.50=0.296525 | p_mean=0.4044 | skip=0 | lr=1.00e-04
Epoch 003 | loss=0.303298 | PM@0.50=0.217885 | PF@0.50=0.298846 | p_mean=0.3999 | skip=0 | lr=1.00e-04
Epoch 004 | loss=0.303823 | PM@0.50=0.236553 | PF@0.50=0.280659 | p_mean=0.4022 | skip=0 | lr=1.00e-04
Epoch 005 | loss=0.303557 | PM@0.50=0.226318 | PF@0.50=0.289911 | p_mean=0.4012 | skip=0 | lr=1.00e-04
Epoch 006 | loss=0.302901 | PM@0.50=0.228017 | PF@0.50=0.291423 | p_mean=0.4010 | skip=0 | lr=1.00e-04
Epoch 007 | loss=0.302890 | PM@0.50=0.236802 | PF@0.50=0.282705 | p_mean=0.3943 | skip=0 | lr=1.00e-04
Epoch 008 | loss=0.303429 | PM@0.50=0.242976 | PF@0.50=0.274040 | p_mean=0.3922 | skip=0 | lr=1.00e-04
Epoch 009 | loss=0.302963 | PM@0.50=0.236304 | PF@0.50=0.280284 | p_mean=0.3995 | skip=0 | lr=1.00e-04
Epoch 010 | loss=0.303291 | PM@0.50=0.254227 | PF@0.50=0.266661 | p_mean=0.3895 | skip=0 | lr=1.00e-04

Command: C:\Users\26770\Desktop\correlated_activity_transformer\.venv\Scripts\python.exe C:\Users\26770\Desktop\correlated_activity_transformer\network\train.py
Args: {"activity_prob": 0.1, "amp": true, "amp_dtype": "bf16", "attn_dropout": 0.0, "bandwidth_hz": 10000000.0, "batch_size": 128, "cell_radius_m": 250.0, "ctx_attn_dropout": 0.0, "data_mode": "correlated", "device": "cuda", "dim": 128, "epochs": 10, "eval_batches": 20, "eval_threshold": 0.5, "ff_dim": 512, "ffn_dropout": 0.0, "fixed_eval_set": true, "grad_clip": 0.0, "head_dim": 32, "log_file": "models\\checkpoints\\train.log", "lr": 0.0001, "lr_decay_epochs": "90,97", "lr_decay_factor": 0.1, "model_name": "base", "noise_mode": "snr", "noise_power_dbm_hz": -169.0, "norm_type": "batch", "num_antennas": 32, "num_devices": 100, "num_groups": 4, "num_heads": 8, "num_layers": 5, "pilot_len": 30, "pmax_dbm": 23.0, "save_dir": "models\\checkpoints", "score_scale": 10.0, "seed": 42, "snr_db": 20.0, "steps_per_epoch": 2000, "warmup_epochs": 0}
System: {"activity_prob": 0.1875, "bandwidth_hz": 10000000.0, "cell_radius_m": 250.0, "group_beta_params": [[0.085, 0.765], [0.0975, 0.5525], [0.099, 0.351], [0.07, 0.18]], "noise_mode": "snr", "noise_power_dbm_hz": -169.0, "num_antennas": 32, "num_devices": 100, "pilot_len": 30, "pmax_dbm": 23.0, "snr_db": 20.0}
Model: {"attn_dropout": 0.0, "ctx_attn_dropout": 0.0, "dim": 128, "ff_dim": 512, "ffn_dropout": 0.0, "head_dim": 32, "model_name": "base", "norm_type": "batch", "num_devices": 100, "num_groups": 4, "num_heads": 8, "num_layers": 5, "pilot_len": 30, "score_scale": 10.0}

Epoch 001 | loss=0.330923 | PM@0.50=0.146693 | PF@0.50=0.416548 | p_mean=0.4192 | skip=0 | lr=1.00e-04
Epoch 002 | loss=0.320155 | PM@0.50=0.149532 | PF@0.50=0.410266 | p_mean=0.4147 | skip=0 | lr=1.00e-04

Command: C:\Users\26770\Desktop\correlated_activity_transformer\.venv\Scripts\python.exe C:\Users\26770\Desktop\correlated_activity_transformer\network\train.py
Args: {"activity_prob": 0.1, "amp": true, "amp_dtype": "bf16", "attn_dropout": 0.0, "bandwidth_hz": 10000000.0, "batch_size": 128, "cell_radius_m": 250.0, "ctx_attn_dropout": 0.0, "data_mode": "independent", "device": "cuda", "dim": 128, "epochs": 10, "eval_batches": 20, "eval_threshold": 0.5, "ff_dim": 512, "ffn_dropout": 0.0, "fixed_eval_set": true, "grad_clip": 0.0, "head_dim": 32, "log_file": "models\\checkpoints\\train.log", "lr": 0.0001, "lr_decay_epochs": "90,97", "lr_decay_factor": 0.1, "model_name": "base", "noise_mode": "snr", "noise_power_dbm_hz": -169.0, "norm_type": "batch", "num_antennas": 32, "num_devices": 100, "num_groups": 4, "num_heads": 8, "num_layers": 5, "pilot_len": 30, "pmax_dbm": 23.0, "save_dir": "models\\checkpoints", "score_scale": 10.0, "seed": 42, "snr_db": 20.0, "steps_per_epoch": 2000, "warmup_epochs": 0}
System: {"activity_prob": 0.1, "bandwidth_hz": 10000000.0, "cell_radius_m": 250.0, "noise_mode": "snr", "noise_power_dbm_hz": -169.0, "num_antennas": 32, "num_devices": 100, "pilot_len": 30, "pmax_dbm": 23.0, "snr_db": 20.0}
Model: {"attn_dropout": 0.0, "ctx_attn_dropout": 0.0, "dim": 128, "ff_dim": 512, "ffn_dropout": 0.0, "head_dim": 32, "model_name": "base", "norm_type": "batch", "num_devices": 100, "num_groups": 4, "num_heads": 8, "num_layers": 5, "pilot_len": 30, "score_scale": 10.0}


Command: D:\code_DL\anaconda\python.exe C:\Users\26770\Desktop\correlated_activity_transformer\network\train.py
Args: {"activity_prob": 0.1, "amp": true, "amp_dtype": "bf16", "attn_dropout": 0.0, "bandwidth_hz": 10000000.0, "batch_size": 128, "cell_radius_m": 250.0, "ctx_attn_dropout": 0.0, "data_mode": "correlated", "device": "cpu", "dim": 128, "epochs": 10, "eval_batches": 20, "eval_threshold": 0.5, "ff_dim": 512, "ffn_dropout": 0.0, "fixed_eval_set": true, "grad_clip": 0.0, "head_dim": 32, "log_file": "models\\checkpoints\\train.log", "lr": 0.0001, "lr_decay_epochs": "90,97", "lr_decay_factor": 0.1, "model_name": "base", "noise_mode": "snr", "noise_power_dbm_hz": -169.0, "norm_type": "batch", "num_antennas": 32, "num_devices": 100, "num_groups": 4, "num_heads": 8, "num_layers": 5, "pilot_len": 30, "pmax_dbm": 23.0, "save_dir": "models\\checkpoints", "score_scale": 10.0, "seed": 42, "snr_db": 20.0, "steps_per_epoch": 2000, "warmup_epochs": 0}
System: {"activity_prob": 0.1875, "bandwidth_hz": 10000000.0, "cell_radius_m": 250.0, "group_beta_params": [[0.085, 0.765], [0.0975, 0.5525], [0.099, 0.351], [0.07, 0.18]], "noise_mode": "snr", "noise_power_dbm_hz": -169.0, "num_antennas": 32, "num_devices": 100, "pilot_len": 30, "pmax_dbm": 23.0, "snr_db": 20.0}
Model: {"attn_dropout": 0.0, "ctx_attn_dropout": 0.0, "dim": 128, "ff_dim": 512, "ffn_dropout": 0.0, "head_dim": 32, "model_name": "base", "norm_type": "batch", "num_devices": 100, "num_groups": 4, "num_heads": 8, "num_layers": 5, "pilot_len": 30, "score_scale": 10.0}

Epoch 001 | loss=0.227054 | PM@0.50=0.295929 | PF@0.50=0.342453 | p_mean=0.4216 | skip=0 | lr=1.00e-04
Epoch 002 | loss=0.203246 | PM@0.50=0.272043 | PF@0.50=0.311372 | p_mean=0.3961 | skip=0 | lr=1.00e-04
Epoch 003 | loss=0.192808 | PM@0.50=0.245483 | PF@0.50=0.305365 | p_mean=0.3826 | skip=0 | lr=1.00e-04
Epoch 004 | loss=0.185061 | PM@0.50=0.222334 | PF@0.50=0.302011 | p_mean=0.3733 | skip=0 | lr=1.00e-04
Epoch 005 | loss=0.178841 | PM@0.50=0.214502 | PF@0.50=0.292954 | p_mean=0.3633 | skip=0 | lr=1.00e-04
Epoch 006 | loss=0.174715 | PM@0.50=0.200349 | PF@0.50=0.294514 | p_mean=0.3612 | skip=0 | lr=1.00e-04

Command: D:\code_DL\anaconda\python.exe C:\Users\26770\Desktop\correlated_activity_transformer\network\train.py
Args: {"activity_prob": 0.1, "amp": true, "amp_dtype": "bf16", "attn_dropout": 0.0, "bandwidth_hz": 10000000.0, "batch_size": 128, "cell_radius_m": 250.0, "ctx_attn_dropout": 0.0, "data_mode": "correlated", "device": "cpu", "dim": 128, "epochs": 10, "eval_batches": 20, "eval_threshold": 0.5, "ff_dim": 512, "ffn_dropout": 0.0, "fixed_eval_set": true, "grad_clip": 0.0, "head_dim": 32, "log_file": "models\\checkpoints\\train.log", "lr": 0.0001, "lr_decay_epochs": "90,97", "lr_decay_factor": 0.1, "model_name": "base", "noise_mode": "snr", "noise_power_dbm_hz": -169.0, "norm_type": "batch", "num_antennas": 32, "num_devices": 100, "num_groups": 4, "num_heads": 8, "num_layers": 5, "pilot_len": 30, "pmax_dbm": 23.0, "save_dir": "models\\checkpoints", "score_scale": 10.0, "seed": 42, "snr_db": 20.0, "steps_per_epoch": 2000, "warmup_epochs": 0}
System: {"activity_prob": 0.1875, "bandwidth_hz": 10000000.0, "cell_radius_m": 250.0, "group_beta_params": [[0.085, 0.765], [0.0975, 0.5525], [0.099, 0.351], [0.07, 0.18]], "noise_mode": "snr", "noise_power_dbm_hz": -169.0, "num_antennas": 32, "num_devices": 100, "pilot_len": 30, "pmax_dbm": 23.0, "snr_db": 20.0}
Model: {"attn_dropout": 0.0, "ctx_attn_dropout": 0.0, "dim": 128, "ff_dim": 512, "ffn_dropout": 0.0, "head_dim": 32, "model_name": "base", "norm_type": "batch", "num_devices": 100, "num_groups": 4, "num_heads": 8, "num_layers": 5, "pilot_len": 30, "score_scale": 10.0}

Epoch 001 | loss=0.331593 | PM@0.50=0.168286 | PF@0.50=0.380742 | p_mean=0.4013 | skip=0 | lr=1.00e-04
Epoch 002 | loss=0.320677 | PM@0.50=0.160591 | PF@0.50=0.381809 | p_mean=0.4029 | skip=0 | lr=1.00e-04
Epoch 003 | loss=0.317505 | PM@0.50=0.161678 | PF@0.50=0.376499 | p_mean=0.3990 | skip=0 | lr=1.00e-04
Epoch 004 | loss=0.312174 | PM@0.50=0.152114 | PF@0.50=0.377490 | p_mean=0.3965 | skip=0 | lr=1.00e-04
Epoch 005 | loss=0.310111 | PM@0.50=0.169264 | PF@0.50=0.357513 | p_mean=0.3876 | skip=0 | lr=1.00e-04
Epoch 006 | loss=0.307976 | PM@0.50=0.158852 | PF@0.50=0.362137 | p_mean=0.3885 | skip=0 | lr=1.00e-04
Epoch 007 | loss=0.306703 | PM@0.50=0.162156 | PF@0.50=0.360128 | p_mean=0.3851 | skip=0 | lr=1.00e-04
Epoch 008 | loss=0.306115 | PM@0.50=0.143702 | PF@0.50=0.376395 | p_mean=0.3989 | skip=0 | lr=1.00e-04
Epoch 009 | loss=0.306972 | PM@0.50=0.155961 | PF@0.50=0.365223 | p_mean=0.3898 | skip=0 | lr=1.00e-04
Epoch 010 | loss=0.304791 | PM@0.50=0.146680 | PF@0.50=0.366552 | p_mean=0.3902 | skip=0 | lr=1.00e-04

Command: C:\Users\26770\Desktop\correlated_activity_transformer\.venv\Scripts\python.exe network\train.py
Args: {"activity_prob": 0.1, "amp": true, "amp_dtype": "bf16", "attn_dropout": 0.0, "bandwidth_hz": 10000000.0, "batch_size": 128, "cell_radius_m": 250.0, "ctx_attn_dropout": 0.0, "data_mode": "correlated", "device": "cuda", "dim": 128, "epochs": 10, "eval_batches": 10, "eval_threshold": 0.5, "ff_dim": 512, "ffn_dropout": 0.0, "fixed_eval_set": true, "grad_clip": 1.0, "head_dim": 32, "log_file": "models\\checkpoints\\train.log", "lr": 0.0003, "lr_decay_epochs": "90,97", "lr_decay_factor": 0.1, "model_name": "grouped", "noise_mode": "snr", "noise_power_dbm_hz": -169.0, "norm_type": "batch", "num_antennas": 32, "num_devices": 100, "num_groups": 4, "num_heads": 8, "num_layers": 5, "pilot_len": 30, "pmax_dbm": 23.0, "save_dir": "models\\checkpoints", "score_scale": 10.0, "seed": 42, "snr_db": 20.0, "steps_per_epoch": 500, "warmup_epochs": 1, "weight_decay": 0.0}
System: {"activity_prob": 0.1875, "bandwidth_hz": 10000000.0, "cell_radius_m": 250.0, "group_beta_params": [[0.085, 0.765], [0.0975, 0.5525], [0.099, 0.351], [0.07, 0.18]], "noise_mode": "snr", "noise_power_dbm_hz": -169.0, "num_antennas": 32, "num_devices": 100, "pilot_len": 30, "pmax_dbm": 23.0, "snr_db": 20.0}
Model: {"attn_dropout": 0.0, "ctx_attn_dropout": 0.0, "dim": 128, "ff_dim": 512, "ffn_dropout": 0.0, "head_dim": 32, "model_name": "grouped", "norm_type": "batch", "num_devices": 100, "num_groups": 4, "num_heads": 8, "num_layers": 5, "pilot_feature_dim": 62, "pilot_len": 30, "score_scale": 10.0}

Epoch 001 | loss=0.057138 | eval_loss=0.028871 | PM@0.50=0.020035 | PF@0.50=0.018626 | best_th=0.43 | best_PM=0.016353 | best_PF=0.021540 | p_mean=0.1969 | skip=0 | lr=3.00e-04
Epoch 002 | loss=0.027601 | eval_loss=0.027576 | PM@0.50=0.015369 | PF@0.50=0.019553 | best_th=0.48 | best_PM=0.014684 | best_PF=0.020222 | p_mean=0.1978 | skip=0 | lr=3.00e-04
Epoch 003 | loss=0.026497 | eval_loss=0.026397 | PM@0.50=0.011816 | PF@0.50=0.023949 | best_th=0.63 | best_PM=0.016439 | best_PF=0.018712 | p_mean=0.2032 | skip=0 | lr=3.00e-04
Epoch 004 | loss=0.026251 | eval_loss=0.026124 | PM@0.50=0.009461 | PF@0.50=0.025000 | best_th=0.63 | best_PM=0.013999 | best_PF=0.019285 | p_mean=0.2047 | skip=0 | lr=3.00e-04
Epoch 005 | loss=0.025557 | eval_loss=0.025511 | PM@0.50=0.013870 | PF@0.50=0.020470 | best_th=0.55 | best_PM=0.015326 | best_PF=0.018712 | p_mean=0.1991 | skip=0 | lr=3.00e-04
Epoch 006 | loss=0.025387 | eval_loss=0.025286 | PM@0.50=0.013485 | PF@0.50=0.019753 | best_th=0.51 | best_PM=0.013785 | best_PF=0.019428 | p_mean=0.1990 | skip=0 | lr=3.00e-04
Epoch 007 | loss=0.024970 | eval_loss=0.027141 | PM@0.50=0.012286 | PF@0.50=0.024054 | best_th=0.58 | best_PM=0.014855 | best_PF=0.020489 | p_mean=0.2030 | skip=0 | lr=3.00e-04
Epoch 008 | loss=0.025248 | eval_loss=0.025458 | PM@0.50=0.017937 | PF@0.50=0.015386 | best_th=0.41 | best_PM=0.014299 | best_PF=0.018444 | p_mean=0.1937 | skip=0 | lr=3.00e-04
Epoch 009 | loss=0.024687 | eval_loss=0.024768 | PM@0.50=0.010189 | PF@0.50=0.022592 | best_th=0.55 | best_PM=0.011687 | best_PF=0.020556 | p_mean=0.2022 | skip=0 | lr=3.00e-04
Epoch 010 | loss=0.024558 | eval_loss=0.025096 | PM@0.50=0.009204 | PF@0.50=0.024187 | best_th=0.65 | best_PM=0.015240 | best_PF=0.017183 | p_mean=0.2046 | skip=0 | lr=3.00e-04

Command: C:\Users\26770\Desktop\correlated_activity_transformer\.venv\Scripts\python.exe network\train.py
Args: {"activity_prob": 0.1, "amp": true, "amp_dtype": "bf16", "attn_dropout": 0.0, "bandwidth_hz": 10000000.0, "batch_size": 128, "cell_radius_m": 250.0, "ctx_attn_dropout": 0.0, "data_mode": "correlated", "device": "cuda", "dim": 128, "epochs": 10, "eval_batches": 10, "eval_threshold": 0.5, "ff_dim": 512, "ffn_dropout": 0.0, "fixed_eval_set": true, "grad_clip": 1.0, "head_dim": 32, "log_file": "models\\checkpoints\\train.log", "lr": 0.0003, "lr_decay_epochs": "90,97", "lr_decay_factor": 0.1, "model_name": "grouped", "noise_mode": "snr", "noise_power_dbm_hz": -169.0, "norm_type": "batch", "num_antennas": 32, "num_devices": 100, "num_groups": 4, "num_heads": 8, "num_layers": 5, "pilot_len": 30, "pmax_dbm": 23.0, "preprocessing_scale": 10.0, "save_dir": "models\\checkpoints", "score_scale": 10.0, "seed": 42, "snr_db": 20.0, "steps_per_epoch": 500, "warmup_epochs": 1, "weight_decay": 0.0}
System: {"activity_prob": 0.1875, "bandwidth_hz": 10000000.0, "cell_radius_m": 250.0, "group_beta_params": [[0.085, 0.765], [0.0975, 0.5525], [0.099, 0.351], [0.07, 0.18]], "noise_mode": "snr", "noise_power_dbm_hz": -169.0, "num_antennas": 32, "num_devices": 100, "pilot_len": 30, "pmax_dbm": 23.0, "preprocessing_scale": 10.0, "snr_db": 20.0}
Model: {"attn_dropout": 0.0, "ctx_attn_dropout": 0.0, "dim": 128, "ff_dim": 512, "ffn_dropout": 0.0, "head_dim": 32, "model_name": "grouped", "norm_type": "batch", "num_devices": 100, "num_groups": 4, "num_heads": 8, "num_layers": 5, "pilot_feature_dim": 60, "pilot_len": 30, "score_scale": 10.0}

Epoch 001 | loss=0.322984 | eval_loss=0.301018 | PM@0.50=0.178775 | PF@0.50=0.416911 | best_th=0.54 | best_PM=0.255191 | best_PF=0.329441 | p_mean=0.4069 | skip=0 | lr=3.00e-04
Epoch 002 | loss=0.303690 | eval_loss=0.298810 | PM@0.50=0.151890 | PF@0.50=0.419587 | best_th=0.56 | best_PM=0.281519 | best_PF=0.254642 | p_mean=0.4124 | skip=0 | lr=3.00e-04
Epoch 003 | loss=0.303375 | eval_loss=0.300741 | PM@0.50=0.156214 | PF@0.50=0.433941 | best_th=0.56 | best_PM=0.252451 | best_PF=0.311580 | p_mean=0.4116 | skip=0 | lr=3.00e-04
Epoch 004 | loss=0.302813 | eval_loss=0.299469 | PM@0.50=0.173723 | PF@0.50=0.393173 | best_th=0.54 | best_PM=0.285800 | best_PF=0.257165 | p_mean=0.3934 | skip=0 | lr=3.00e-04
Epoch 005 | loss=0.304038 | eval_loss=0.300429 | PM@0.50=0.188792 | PF@0.50=0.383072 | best_th=0.53 | best_PM=0.233101 | best_PF=0.328810 | p_mean=0.3964 | skip=0 | lr=3.00e-04
Epoch 006 | loss=0.302571 | eval_loss=0.299355 | PM@0.50=0.133910 | PF@0.50=0.446250 | best_th=0.58 | best_PM=0.262297 | best_PF=0.276440 | p_mean=0.4208 | skip=0 | lr=3.00e-04
Epoch 007 | loss=0.301149 | eval_loss=0.298217 | PM@0.50=0.169785 | PF@0.50=0.381265 | best_th=0.58 | best_PM=0.309131 | best_PF=0.221357 | p_mean=0.4078 | skip=0 | lr=3.00e-04
Epoch 008 | loss=0.303279 | eval_loss=0.299142 | PM@0.50=0.213408 | PF@0.50=0.342944 | best_th=0.53 | best_PM=0.249112 | best_PF=0.300160 | p_mean=0.3941 | skip=0 | lr=3.00e-04
Epoch 009 | loss=0.301647 | eval_loss=0.299550 | PM@0.50=0.160366 | PF@0.50=0.405166 | best_th=0.57 | best_PM=0.289824 | best_PF=0.241626 | p_mean=0.4156 | skip=0 | lr=3.00e-04
Epoch 010 | loss=0.302802 | eval_loss=0.299008 | PM@0.50=0.117171 | PF@0.50=0.455261 | best_th=0.58 | best_PM=0.279507 | best_PF=0.239447 | p_mean=0.4187 | skip=0 | lr=3.00e-04

Command: C:\Users\26770\Desktop\correlated_activity_transformer\.venv\Scripts\python.exe network\train.py
Args: {"activity_prob": 0.1, "amp": true, "amp_dtype": "bf16", "attn_dropout": 0.0, "bandwidth_hz": 10000000.0, "batch_size": 128, "cell_radius_m": 250.0, "ctx_attn_dropout": 0.0, "data_mode": "correlated", "device": "cuda", "dim": 128, "epochs": 10, "eval_batches": 10, "eval_threshold": 0.5, "ff_dim": 512, "ffn_dropout": 0.0, "fixed_eval_set": true, "grad_clip": 1.0, "head_dim": 32, "log_file": "models\\checkpoints\\train.log", "loss_type": "weighted_bce", "lr": 0.0003, "lr_decay_epochs": "90,97", "lr_decay_factor": 0.1, "model_name": "grouped", "noise_mode": "snr", "noise_power_dbm_hz": -169.0, "norm_type": "batch", "num_antennas": 32, "num_devices": 100, "num_groups": 4, "num_heads": 8, "num_layers": 5, "pilot_len": 30, "pilot_preprocessing_scale": 10.0, "pmax_dbm": 23.0, "preprocessing_scale": 10.0, "save_dir": "models\\checkpoints", "score_scale": 10.0, "seed": 42, "signal_preprocessing_scale": 20.0, "snr_db": 20.0, "sparse_user_attention": false, "steps_per_epoch": 500, "warmup_epochs": 1, "weight_decay": 0.0}
System: {"activity_prob": 0.1875, "bandwidth_hz": 10000000.0, "cell_radius_m": 250.0, "group_beta_params": [[0.085, 0.765], [0.0975, 0.5525], [0.099, 0.351], [0.07, 0.18]], "noise_mode": "snr", "noise_power_dbm_hz": -169.0, "num_antennas": 32, "num_devices": 100, "pilot_len": 30, "pilot_preprocessing_scale": 10.0, "pmax_dbm": 23.0, "preprocessing_scale": 10.0, "signal_preprocessing_scale": 20.0, "snr_db": 20.0}
Model: {"attn_dropout": 0.0, "ctx_attn_dropout": 0.0, "dim": 128, "ff_dim": 512, "ffn_dropout": 0.0, "head_dim": 32, "model_name": "grouped", "norm_type": "batch", "num_devices": 100, "num_groups": 4, "num_heads": 8, "num_layers": 5, "pilot_feature_dim": 60, "pilot_len": 30, "score_scale": 10.0, "sparse_user_attention": false}

Epoch 001 | loss=0.318910 | eval_loss=0.301935 | PM@0.50=0.150905 | PF@0.50=0.429812 | best_th=0.56 | best_PM=0.289524 | best_PF=0.288281 | p_mean=0.4010 | skip=0 | lr=3.00e-04
Epoch 002 | loss=0.306559 | eval_loss=0.301513 | PM@0.50=0.126332 | PF@0.50=0.449986 | best_th=0.56 | best_PM=0.262040 | best_PF=0.288310 | p_mean=0.4139 | skip=0 | lr=3.00e-04
Epoch 003 | loss=0.306144 | eval_loss=0.300231 | PM@0.50=0.108994 | PF@0.50=0.471775 | best_th=0.57 | best_PM=0.265294 | best_PF=0.274883 | p_mean=0.4129 | skip=0 | lr=3.00e-04
Epoch 004 | loss=0.305505 | eval_loss=0.301133 | PM@0.50=0.173381 | PF@0.50=0.388662 | best_th=0.54 | best_PM=0.288497 | best_PF=0.258589 | p_mean=0.3914 | skip=0 | lr=3.00e-04
Epoch 005 | loss=0.306839 | eval_loss=0.300725 | PM@0.50=0.147224 | PF@0.50=0.433769 | best_th=0.56 | best_PM=0.296845 | best_PF=0.242324 | p_mean=0.3985 | skip=0 | lr=3.00e-04
Epoch 006 | loss=0.305283 | eval_loss=0.301266 | PM@0.50=0.106083 | PF@0.50=0.476935 | best_th=0.59 | best_PM=0.265893 | best_PF=0.271987 | p_mean=0.4339 | skip=0 | lr=3.00e-04
Epoch 007 | loss=0.303933 | eval_loss=0.299925 | PM@0.50=0.136393 | PF@0.50=0.444157 | best_th=0.55 | best_PM=0.252879 | best_PF=0.279680 | p_mean=0.4139 | skip=0 | lr=3.00e-04
Epoch 008 | loss=0.305970 | eval_loss=0.300320 | PM@0.50=0.145083 | PF@0.50=0.422100 | best_th=0.55 | best_PM=0.276125 | best_PF=0.263539 | p_mean=0.3990 | skip=0 | lr=3.00e-04
Epoch 009 | loss=0.304310 | eval_loss=0.302117 | PM@0.50=0.130314 | PF@0.50=0.437926 | best_th=0.58 | best_PM=0.263624 | best_PF=0.268078 | p_mean=0.4260 | skip=0 | lr=3.00e-04
Epoch 010 | loss=0.305439 | eval_loss=0.299624 | PM@0.50=0.132240 | PF@0.50=0.444635 | best_th=0.58 | best_PM=0.298600 | best_PF=0.237976 | p_mean=0.4096 | skip=0 | lr=3.00e-04

Command: C:\Users\26770\Desktop\correlated_activity_transformer\.venv\Scripts\python.exe network\train.py
Args: {"activity_prob": 0.1, "amp": true, "amp_dtype": "bf16", "attn_dropout": 0.0, "bandwidth_hz": 10000000.0, "batch_size": 128, "cell_radius_m": 250.0, "ctx_attn_dropout": 0.0, "data_mode": "correlated", "device": "cuda", "dim": 128, "epochs": 10, "eval_batches": 10, "eval_threshold": 0.5, "ff_dim": 512, "ffn_dropout": 0.0, "fixed_eval_set": true, "grad_clip": 1.0, "head_dim": 32, "log_file": "models\\checkpoints\\train.log", "lr": 0.0003, "lr_decay_epochs": "90,97", "lr_decay_factor": 0.1, "model_name": "grouped", "noise_mode": "snr", "noise_power_dbm_hz": -169.0, "norm_type": "batch", "num_antennas": 32, "num_devices": 100, "num_groups": 4, "num_heads": 8, "num_layers": 5, "pilot_len": 30, "pmax_dbm": 23.0, "save_dir": "models\\checkpoints", "score_scale": 10.0, "seed": 42, "snr_db": 20.0, "steps_per_epoch": 500, "warmup_epochs": 1, "weight_decay": 0.0}
System: {"activity_prob": 0.1875, "bandwidth_hz": 10000000.0, "cell_radius_m": 250.0, "group_beta_params": [[0.085, 0.765], [0.0975, 0.5525], [0.099, 0.351], [0.07, 0.18]], "noise_mode": "snr", "noise_power_dbm_hz": -169.0, "num_antennas": 32, "num_devices": 100, "pilot_len": 30, "pmax_dbm": 23.0, "snr_db": 20.0}
Model: {"attn_dropout": 0.0, "ctx_attn_dropout": 0.0, "dim": 128, "ff_dim": 512, "ffn_dropout": 0.0, "head_dim": 32, "model_name": "grouped", "norm_type": "batch", "num_devices": 100, "num_groups": 4, "num_heads": 8, "num_layers": 5, "pilot_feature_dim": 62, "pilot_len": 30, "score_scale": 10.0}

Epoch 001 | loss=0.057138 | eval_loss=0.028871 | PM@0.50=0.020035 | PF@0.50=0.018626 | best_th=0.43 | best_PM=0.016353 | best_PF=0.021540 | p_mean=0.1969 | skip=0 | lr=3.00e-04
Epoch 002 | loss=0.027601 | eval_loss=0.027576 | PM@0.50=0.015369 | PF@0.50=0.019553 | best_th=0.48 | best_PM=0.014684 | best_PF=0.020222 | p_mean=0.1978 | skip=0 | lr=3.00e-04
Epoch 003 | loss=0.026497 | eval_loss=0.026397 | PM@0.50=0.011816 | PF@0.50=0.023949 | best_th=0.63 | best_PM=0.016439 | best_PF=0.018712 | p_mean=0.2032 | skip=0 | lr=3.00e-04
Epoch 004 | loss=0.026251 | eval_loss=0.026124 | PM@0.50=0.009461 | PF@0.50=0.025000 | best_th=0.63 | best_PM=0.013999 | best_PF=0.019285 | p_mean=0.2047 | skip=0 | lr=3.00e-04
Epoch 005 | loss=0.025557 | eval_loss=0.025511 | PM@0.50=0.013870 | PF@0.50=0.020470 | best_th=0.55 | best_PM=0.015326 | best_PF=0.018712 | p_mean=0.1991 | skip=0 | lr=3.00e-04
Epoch 006 | loss=0.025387 | eval_loss=0.025286 | PM@0.50=0.013485 | PF@0.50=0.019753 | best_th=0.51 | best_PM=0.013785 | best_PF=0.019428 | p_mean=0.1990 | skip=0 | lr=3.00e-04
Epoch 007 | loss=0.024970 | eval_loss=0.027141 | PM@0.50=0.012286 | PF@0.50=0.024054 | best_th=0.58 | best_PM=0.014855 | best_PF=0.020489 | p_mean=0.2030 | skip=0 | lr=3.00e-04
Epoch 008 | loss=0.025248 | eval_loss=0.025458 | PM@0.50=0.017937 | PF@0.50=0.015386 | best_th=0.41 | best_PM=0.014299 | best_PF=0.018444 | p_mean=0.1937 | skip=0 | lr=3.00e-04
Epoch 009 | loss=0.024687 | eval_loss=0.024768 | PM@0.50=0.010189 | PF@0.50=0.022592 | best_th=0.55 | best_PM=0.011687 | best_PF=0.020556 | p_mean=0.2022 | skip=0 | lr=3.00e-04
Epoch 010 | loss=0.024558 | eval_loss=0.025096 | PM@0.50=0.009204 | PF@0.50=0.024187 | best_th=0.65 | best_PM=0.015240 | best_PF=0.017183 | p_mean=0.2046 | skip=0 | lr=3.00e-04

Command: C:\Users\26770\Desktop\correlated_activity_transformer\.venv\Scripts\python.exe network\train.py
Args: {"activity_prob": 0.1, "amp": true, "amp_dtype": "bf16", "attn_dropout": 0.0, "bandwidth_hz": 10000000.0, "batch_size": 128, "cell_radius_m": 250.0, "ctx_attn_dropout": 0.0, "data_mode": "correlated", "device": "cuda", "dim": 128, "epochs": 10, "eval_batches": 10, "eval_threshold": 0.5, "ff_dim": 512, "ffn_dropout": 0.0, "fixed_eval_set": true, "grad_clip": 1.0, "head_dim": 32, "log_file": "models\\checkpoints\\train.log", "lr": 0.0003, "lr_decay_epochs": "90,97", "lr_decay_factor": 0.1, "model_name": "grouped", "noise_mode": "snr", "noise_power_dbm_hz": -169.0, "norm_type": "batch", "num_antennas": 32, "num_devices": 100, "num_groups": 4, "num_heads": 8, "num_layers": 5, "pilot_len": 30, "pmax_dbm": 23.0, "save_dir": "models\\checkpoints", "score_scale": 10.0, "seed": 42, "snr_db": 20.0, "steps_per_epoch": 500, "warmup_epochs": 1, "weight_decay": 0.0}
System: {"activity_prob": 0.1875, "bandwidth_hz": 10000000.0, "cell_radius_m": 250.0, "group_beta_params": [[0.085, 0.765], [0.0975, 0.5525], [0.099, 0.351], [0.07, 0.18]], "noise_mode": "snr", "noise_power_dbm_hz": -169.0, "num_antennas": 32, "num_devices": 100, "pilot_len": 30, "pmax_dbm": 23.0, "snr_db": 20.0}
Model: {"attn_dropout": 0.0, "ctx_attn_dropout": 0.0, "dim": 128, "ff_dim": 512, "ffn_dropout": 0.0, "head_dim": 32, "model_name": "grouped", "norm_type": "batch", "num_devices": 100, "num_groups": 4, "num_heads": 8, "num_layers": 5, "pilot_feature_dim": 62, "pilot_len": 30, "score_scale": 10.0}

Epoch 001 | loss=0.057138 | eval_loss=0.028871 | PM@0.50=0.020035 | PF@0.50=0.018626 | best_th=0.43 | best_PM=0.016353 | best_PF=0.021540 | p_mean=0.1969 | skip=0 | lr=3.00e-04
Epoch 002 | loss=0.027601 | eval_loss=0.027576 | PM@0.50=0.015369 | PF@0.50=0.019553 | best_th=0.48 | best_PM=0.014684 | best_PF=0.020222 | p_mean=0.1978 | skip=0 | lr=3.00e-04
Epoch 003 | loss=0.026497 | eval_loss=0.026397 | PM@0.50=0.011816 | PF@0.50=0.023949 | best_th=0.63 | best_PM=0.016439 | best_PF=0.018712 | p_mean=0.2032 | skip=0 | lr=3.00e-04
Epoch 004 | loss=0.026251 | eval_loss=0.026124 | PM@0.50=0.009461 | PF@0.50=0.025000 | best_th=0.63 | best_PM=0.013999 | best_PF=0.019285 | p_mean=0.2047 | skip=0 | lr=3.00e-04
Epoch 005 | loss=0.025557 | eval_loss=0.025511 | PM@0.50=0.013870 | PF@0.50=0.020470 | best_th=0.55 | best_PM=0.015326 | best_PF=0.018712 | p_mean=0.1991 | skip=0 | lr=3.00e-04
Epoch 006 | loss=0.025387 | eval_loss=0.025286 | PM@0.50=0.013485 | PF@0.50=0.019753 | best_th=0.51 | best_PM=0.013785 | best_PF=0.019428 | p_mean=0.1990 | skip=0 | lr=3.00e-04
Epoch 007 | loss=0.024970 | eval_loss=0.027141 | PM@0.50=0.012286 | PF@0.50=0.024054 | best_th=0.58 | best_PM=0.014855 | best_PF=0.020489 | p_mean=0.2030 | skip=0 | lr=3.00e-04
Epoch 008 | loss=0.025248 | eval_loss=0.025458 | PM@0.50=0.017937 | PF@0.50=0.015386 | best_th=0.41 | best_PM=0.014299 | best_PF=0.018444 | p_mean=0.1937 | skip=0 | lr=3.00e-04
Epoch 009 | loss=0.024687 | eval_loss=0.024768 | PM@0.50=0.010189 | PF@0.50=0.022592 | best_th=0.55 | best_PM=0.011687 | best_PF=0.020556 | p_mean=0.2022 | skip=0 | lr=3.00e-04
Epoch 010 | loss=0.024558 | eval_loss=0.025096 | PM@0.50=0.009204 | PF@0.50=0.024187 | best_th=0.65 | best_PM=0.015240 | best_PF=0.017183 | p_mean=0.2046 | skip=0 | lr=3.00e-04
