
Command: /home/chenao/.conda/envs/cat/bin/python train.py
Args: {"activity_mode": "event", "activity_prob": 0.1, "amp": true, "amp_dtype": "bf16", "attn_dropout": 0.0, "background_activity_prob": 0.005, "bandwidth_hz": 10000000.0, "batch_size": 128, "cell_radius_m": 500.0, "corr_attn_init": 1.0, "corr_refine_init": 0.5, "correlation_length_m": 0.0, "ctx_attn_dropout": 0.0, "device": "cuda", "dim": 128, "epochs": 100, "eval_batches": 20, "eval_threshold": 0.5, "event_lambda": 1.0, "event_max_count": 3, "event_sigma_m": 120.0, "event_trigger_prob": 0.9, "ff_dim": 512, "ffn_dropout": 0.0, "fixed_eval_set": true, "grad_clip": 0.0, "head_dim": 32, "log_file": "/data/chenao/transformer_activity_detection/checkpoint/addcorr_260622/train.log", "lr": 0.0001, "lr_decay_epochs": "90,97", "lr_decay_factor": 0.1, "model_name": "base", "noise_mode": "snr", "noise_power_dbm_hz": -169.0, "norm_type": "batch", "num_antennas": 32, "num_devices": 200, "num_heads": 8, "num_layers": 5, "pilot_len": 30, "pmax_dbm": 23.0, "save_dir": "/data/chenao/transformer_activity_detection/checkpoint/addcorr_260622", "score_scale": 10.0, "seed": 42, "snr_db": 20.0, "steps_per_epoch": 2000, "use_correlation_attention_bias": true, "use_correlation_logit_refinement": true, "warmup_epochs": 0}
System: {"activity_mode": "event", "activity_prob": 0.1, "background_activity_prob": 0.005, "bandwidth_hz": 10000000.0, "cell_radius_m": 500.0, "correlation_length_m": 0.0, "event_lambda": 1.0, "event_max_count": 3, "event_sigma_m": 120.0, "event_trigger_prob": 0.9, "noise_mode": "snr", "noise_power_dbm_hz": -169.0, "num_antennas": 32, "num_devices": 200, "pilot_len": 30, "pmax_dbm": 23.0, "snr_db": 20.0}
Model: {"attn_dropout": 0.0, "corr_attn_init": 1.0, "corr_refine_init": 0.5, "ctx_attn_dropout": 0.0, "dim": 128, "ff_dim": 512, "ffn_dropout": 0.0, "head_dim": 32, "model_name": "base", "norm_type": "batch", "num_devices": 200, "num_heads": 8, "num_layers": 5, "pilot_len": 30, "score_scale": 10.0, "use_correlation_attention_bias": true, "use_correlation_logit_refinement": true}

Epoch 001 | loss=0.167209 | PM@0.50=0.131964 | PF@0.50=0.433427 | p_mean=0.3825 | skip=0 | lr=1.00e-04
Epoch 002 | loss=0.160241 | PM@0.50=0.132671 | PF@0.50=0.413850 | p_mean=0.3745 | skip=0 | lr=1.00e-04
Epoch 003 | loss=0.156550 | PM@0.50=0.158006 | PF@0.50=0.372786 | p_mean=0.3595 | skip=0 | lr=1.00e-04
Epoch 004 | loss=0.153500 | PM@0.50=0.145899 | PF@0.50=0.371531 | p_mean=0.3644 | skip=0 | lr=1.00e-04
Epoch 005 | loss=0.151906 | PM@0.50=0.140759 | PF@0.50=0.371463 | p_mean=0.3590 | skip=0 | lr=1.00e-04
Epoch 006 | loss=0.150677 | PM@0.50=0.139443 | PF@0.50=0.362426 | p_mean=0.3577 | skip=0 | lr=1.00e-04
Epoch 007 | loss=0.149888 | PM@0.50=0.138347 | PF@0.50=0.358865 | p_mean=0.3578 | skip=0 | lr=1.00e-04
Epoch 008 | loss=0.148861 | PM@0.50=0.132817 | PF@0.50=0.365386 | p_mean=0.3579 | skip=0 | lr=1.00e-04
Epoch 009 | loss=0.149606 | PM@0.50=0.146873 | PF@0.50=0.349047 | p_mean=0.3506 | skip=0 | lr=1.00e-04
Epoch 010 | loss=0.147861 | PM@0.50=0.125655 | PF@0.50=0.366758 | p_mean=0.3595 | skip=0 | lr=1.00e-04
Epoch 011 | loss=0.148392 | PM@0.50=0.134181 | PF@0.50=0.358294 | p_mean=0.3519 | skip=0 | lr=1.00e-04
Epoch 012 | loss=0.148447 | PM@0.50=0.149114 | PF@0.50=0.344579 | p_mean=0.3467 | skip=0 | lr=1.00e-04
Epoch 013 | loss=0.147282 | PM@0.50=0.129820 | PF@0.50=0.361757 | p_mean=0.3563 | skip=0 | lr=1.00e-04
Epoch 014 | loss=0.147353 | PM@0.50=0.130503 | PF@0.50=0.358812 | p_mean=0.3531 | skip=0 | lr=1.00e-04
Epoch 015 | loss=0.147937 | PM@0.50=0.140052 | PF@0.50=0.350100 | p_mean=0.3489 | skip=0 | lr=1.00e-04
Epoch 016 | loss=0.147093 | PM@0.50=0.138956 | PF@0.50=0.350395 | p_mean=0.3501 | skip=0 | lr=1.00e-04
Epoch 017 | loss=0.147148 | PM@0.50=0.129723 | PF@0.50=0.357974 | p_mean=0.3529 | skip=0 | lr=1.00e-04
Epoch 018 | loss=0.147281 | PM@0.50=0.136861 | PF@0.50=0.349918 | p_mean=0.3501 | skip=0 | lr=1.00e-04
Epoch 019 | loss=0.147434 | PM@0.50=0.140393 | PF@0.50=0.344981 | p_mean=0.3457 | skip=0 | lr=1.00e-04
Epoch 020 | loss=0.146868 | PM@0.50=0.139492 | PF@0.50=0.344157 | p_mean=0.3488 | skip=0 | lr=1.00e-04
Epoch 021 | loss=0.146752 | PM@0.50=0.130113 | PF@0.50=0.353126 | p_mean=0.3509 | skip=0 | lr=1.00e-04
Epoch 022 | loss=0.145764 | PM@0.50=0.140978 | PF@0.50=0.337952 | p_mean=0.3448 | skip=0 | lr=1.00e-04
Epoch 023 | loss=0.145548 | PM@0.50=0.138883 | PF@0.50=0.337984 | p_mean=0.3454 | skip=0 | lr=1.00e-04
Epoch 024 | loss=0.144987 | PM@0.50=0.134230 | PF@0.50=0.337906 | p_mean=0.3443 | skip=0 | lr=1.00e-04
Epoch 025 | loss=0.144420 | PM@0.50=0.136130 | PF@0.50=0.334200 | p_mean=0.3439 | skip=0 | lr=1.00e-04
Epoch 026 | loss=0.143563 | PM@0.50=0.142756 | PF@0.50=0.325206 | p_mean=0.3369 | skip=0 | lr=1.00e-04
Epoch 027 | loss=0.143215 | PM@0.50=0.140637 | PF@0.50=0.323161 | p_mean=0.3367 | skip=0 | lr=1.00e-04
Epoch 028 | loss=0.141895 | PM@0.50=0.144340 | PF@0.50=0.319443 | p_mean=0.3362 | skip=0 | lr=1.00e-04
Epoch 029 | loss=0.141463 | PM@0.50=0.128846 | PF@0.50=0.329518 | p_mean=0.3397 | skip=0 | lr=1.00e-04
Epoch 030 | loss=0.140934 | PM@0.50=0.124534 | PF@0.50=0.333859 | p_mean=0.3422 | skip=0 | lr=1.00e-04
Epoch 031 | loss=0.140567 | PM@0.50=0.134449 | PF@0.50=0.322862 | p_mean=0.3384 | skip=0 | lr=1.00e-04
Epoch 032 | loss=0.140002 | PM@0.50=0.133109 | PF@0.50=0.324029 | p_mean=0.3342 | skip=0 | lr=1.00e-04
Epoch 033 | loss=0.140441 | PM@0.50=0.139638 | PF@0.50=0.316825 | p_mean=0.3344 | skip=0 | lr=1.00e-04
Epoch 034 | loss=0.139702 | PM@0.50=0.141124 | PF@0.50=0.315364 | p_mean=0.3342 | skip=0 | lr=1.00e-04
Epoch 035 | loss=0.140880 | PM@0.50=0.143779 | PF@0.50=0.311149 | p_mean=0.3310 | skip=0 | lr=1.00e-04
Epoch 036 | loss=0.140515 | PM@0.50=0.127750 | PF@0.50=0.327408 | p_mean=0.3377 | skip=0 | lr=1.00e-04
Epoch 037 | loss=0.139742 | PM@0.50=0.130795 | PF@0.50=0.324165 | p_mean=0.3367 | skip=0 | lr=1.00e-04
Epoch 038 | loss=0.139442 | PM@0.50=0.137226 | PF@0.50=0.314326 | p_mean=0.3327 | skip=0 | lr=1.00e-04
Epoch 039 | loss=0.139590 | PM@0.50=0.139614 | PF@0.50=0.311969 | p_mean=0.3300 | skip=0 | lr=1.00e-04
Epoch 040 | loss=0.139108 | PM@0.50=0.134230 | PF@0.50=0.309402 | p_mean=0.3322 | skip=0 | lr=1.00e-04
Epoch 041 | loss=0.137719 | PM@0.50=0.131380 | PF@0.50=0.306312 | p_mean=0.3299 | skip=0 | lr=1.00e-04
Epoch 042 | loss=0.137175 | PM@0.50=0.125362 | PF@0.50=0.309920 | p_mean=0.3291 | skip=0 | lr=1.00e-04
Epoch 043 | loss=0.137008 | PM@0.50=0.132281 | PF@0.50=0.296031 | p_mean=0.3247 | skip=0 | lr=1.00e-04
Epoch 044 | loss=0.136355 | PM@0.50=0.129894 | PF@0.50=0.296740 | p_mean=0.3243 | skip=0 | lr=1.00e-04
Epoch 045 | loss=0.135176 | PM@0.50=0.138883 | PF@0.50=0.284673 | p_mean=0.3148 | skip=0 | lr=1.00e-04
Epoch 046 | loss=0.134297 | PM@0.50=0.139102 | PF@0.50=0.282040 | p_mean=0.3170 | skip=0 | lr=1.00e-04
Epoch 047 | loss=0.132734 | PM@0.50=0.118493 | PF@0.50=0.296850 | p_mean=0.3267 | skip=0 | lr=1.00e-04
Epoch 048 | loss=0.132044 | PM@0.50=0.131891 | PF@0.50=0.280142 | p_mean=0.3149 | skip=0 | lr=1.00e-04
Epoch 049 | loss=0.131543 | PM@0.50=0.135838 | PF@0.50=0.274634 | p_mean=0.3129 | skip=0 | lr=1.00e-04
Epoch 050 | loss=0.130802 | PM@0.50=0.122147 | PF@0.50=0.283482 | p_mean=0.3175 | skip=0 | lr=1.00e-04
Epoch 051 | loss=0.130503 | PM@0.50=0.115106 | PF@0.50=0.286939 | p_mean=0.3194 | skip=0 | lr=1.00e-04
Epoch 052 | loss=0.129372 | PM@0.50=0.125582 | PF@0.50=0.275063 | p_mean=0.3095 | skip=0 | lr=1.00e-04
Epoch 053 | loss=0.129439 | PM@0.50=0.130965 | PF@0.50=0.269958 | p_mean=0.3059 | skip=0 | lr=1.00e-04
Epoch 054 | loss=0.128734 | PM@0.50=0.118225 | PF@0.50=0.279082 | p_mean=0.3125 | skip=0 | lr=1.00e-04
Epoch 055 | loss=0.128822 | PM@0.50=0.132208 | PF@0.50=0.265584 | p_mean=0.3052 | skip=0 | lr=1.00e-04
Epoch 056 | loss=0.129088 | PM@0.50=0.122829 | PF@0.50=0.273697 | p_mean=0.3084 | skip=0 | lr=1.00e-04
Epoch 057 | loss=0.128028 | PM@0.50=0.131063 | PF@0.50=0.264839 | p_mean=0.3040 | skip=0 | lr=1.00e-04
Epoch 058 | loss=0.127678 | PM@0.50=0.126629 | PF@0.50=0.265093 | p_mean=0.3029 | skip=0 | lr=1.00e-04
Epoch 059 | loss=0.127587 | PM@0.50=0.116665 | PF@0.50=0.276698 | p_mean=0.3087 | skip=0 | lr=1.00e-04
Epoch 060 | loss=0.127507 | PM@0.50=0.115862 | PF@0.50=0.274959 | p_mean=0.3127 | skip=0 | lr=1.00e-04
Epoch 061 | loss=0.127514 | PM@0.50=0.124339 | PF@0.50=0.266949 | p_mean=0.3070 | skip=0 | lr=1.00e-04
Epoch 062 | loss=0.127113 | PM@0.50=0.127214 | PF@0.50=0.264418 | p_mean=0.3030 | skip=0 | lr=1.00e-04
Epoch 063 | loss=0.127455 | PM@0.50=0.120734 | PF@0.50=0.271207 | p_mean=0.3077 | skip=0 | lr=1.00e-04
Epoch 064 | loss=0.126532 | PM@0.50=0.128188 | PF@0.50=0.264132 | p_mean=0.3029 | skip=0 | lr=1.00e-04
Epoch 065 | loss=0.127168 | PM@0.50=0.129090 | PF@0.50=0.261834 | p_mean=0.2984 | skip=0 | lr=1.00e-04
Epoch 066 | loss=0.127226 | PM@0.50=0.130795 | PF@0.50=0.261210 | p_mean=0.3006 | skip=0 | lr=1.00e-04
Epoch 067 | loss=0.127011 | PM@0.50=0.128481 | PF@0.50=0.264675 | p_mean=0.3022 | skip=0 | lr=1.00e-04
Epoch 068 | loss=0.126663 | PM@0.50=0.117372 | PF@0.50=0.276196 | p_mean=0.3093 | skip=0 | lr=1.00e-04
Epoch 069 | loss=0.127124 | PM@0.50=0.119857 | PF@0.50=0.270674 | p_mean=0.3060 | skip=0 | lr=1.00e-04
Epoch 070 | loss=0.126423 | PM@0.50=0.116276 | PF@0.50=0.272377 | p_mean=0.3062 | skip=0 | lr=1.00e-04
Epoch 071 | loss=0.126675 | PM@0.50=0.115837 | PF@0.50=0.272374 | p_mean=0.3065 | skip=0 | lr=1.00e-04
Epoch 072 | loss=0.125617 | PM@0.50=0.119540 | PF@0.50=0.270160 | p_mean=0.3055 | skip=0 | lr=1.00e-04
Epoch 073 | loss=0.125050 | PM@0.50=0.119418 | PF@0.50=0.265563 | p_mean=0.3020 | skip=0 | lr=1.00e-04
Epoch 074 | loss=0.125176 | PM@0.50=0.125898 | PF@0.50=0.255536 | p_mean=0.2958 | skip=0 | lr=1.00e-04
Epoch 075 | loss=0.125174 | PM@0.50=0.109649 | PF@0.50=0.271875 | p_mean=0.3077 | skip=0 | lr=1.00e-04
Epoch 076 | loss=0.124575 | PM@0.50=0.118517 | PF@0.50=0.258776 | p_mean=0.2978 | skip=0 | lr=1.00e-04
Epoch 077 | loss=0.123241 | PM@0.50=0.117591 | PF@0.50=0.255695 | p_mean=0.2968 | skip=0 | lr=1.00e-04
Epoch 078 | loss=0.123078 | PM@0.50=0.117421 | PF@0.50=0.253893 | p_mean=0.2952 | skip=0 | lr=1.00e-04
Epoch 079 | loss=0.121661 | PM@0.50=0.115253 | PF@0.50=0.252200 | p_mean=0.2963 | skip=0 | lr=1.00e-04
Epoch 080 | loss=0.121360 | PM@0.50=0.113474 | PF@0.50=0.250950 | p_mean=0.2947 | skip=0 | lr=1.00e-04
Epoch 081 | loss=0.121630 | PM@0.50=0.114790 | PF@0.50=0.248703 | p_mean=0.2912 | skip=0 | lr=1.00e-04
Epoch 082 | loss=0.120505 | PM@0.50=0.111087 | PF@0.50=0.249540 | p_mean=0.2935 | skip=0 | lr=1.00e-04
Epoch 083 | loss=0.120557 | PM@0.50=0.110429 | PF@0.50=0.250221 | p_mean=0.2926 | skip=0 | lr=1.00e-04
Epoch 084 | loss=0.120070 | PM@0.50=0.110819 | PF@0.50=0.252086 | p_mean=0.2957 | skip=0 | lr=1.00e-04
Epoch 085 | loss=0.120018 | PM@0.50=0.104923 | PF@0.50=0.254838 | p_mean=0.2961 | skip=0 | lr=1.00e-04
Epoch 086 | loss=0.119894 | PM@0.50=0.108212 | PF@0.50=0.250015 | p_mean=0.2922 | skip=0 | lr=1.00e-04
Epoch 087 | loss=0.119366 | PM@0.50=0.114960 | PF@0.50=0.239046 | p_mean=0.2863 | skip=0 | lr=1.00e-04
Epoch 088 | loss=0.118010 | PM@0.50=0.114692 | PF@0.50=0.234855 | p_mean=0.2814 | skip=0 | lr=1.00e-04
Epoch 089 | loss=0.116150 | PM@0.50=0.113231 | PF@0.50=0.228153 | p_mean=0.2790 | skip=0 | lr=1.00e-04
Epoch 090 | loss=0.114395 | PM@0.50=0.119126 | PF@0.50=0.215916 | p_mean=0.2714 | skip=0 | lr=1.00e-04
Epoch 091 | loss=0.112605 | PM@0.50=0.108163 | PF@0.50=0.220341 | p_mean=0.2724 | skip=0 | lr=1.00e-05
Epoch 092 | loss=0.112351 | PM@0.50=0.100977 | PF@0.50=0.226601 | p_mean=0.2771 | skip=0 | lr=1.00e-05
Epoch 093 | loss=0.112112 | PM@0.50=0.106044 | PF@0.50=0.220522 | p_mean=0.2731 | skip=0 | lr=1.00e-05
Epoch 094 | loss=0.111649 | PM@0.50=0.105240 | PF@0.50=0.220280 | p_mean=0.2734 | skip=0 | lr=1.00e-05
Epoch 095 | loss=0.111389 | PM@0.50=0.106921 | PF@0.50=0.216547 | p_mean=0.2700 | skip=0 | lr=1.00e-05
Epoch 096 | loss=0.110994 | PM@0.50=0.108261 | PF@0.50=0.215351 | p_mean=0.2686 | skip=0 | lr=1.00e-05
Epoch 097 | loss=0.111362 | PM@0.50=0.105167 | PF@0.50=0.218643 | p_mean=0.2711 | skip=0 | lr=1.00e-05
Epoch 098 | loss=0.110557 | PM@0.50=0.104022 | PF@0.50=0.218810 | p_mean=0.2714 | skip=0 | lr=1.00e-06
Epoch 099 | loss=0.110723 | PM@0.50=0.103803 | PF@0.50=0.219097 | p_mean=0.2714 | skip=0 | lr=1.00e-06
Epoch 100 | loss=0.110825 | PM@0.50=0.104875 | PF@0.50=0.218159 | p_mean=0.2708 | skip=0 | lr=1.00e-06
