
Command: C:\Users\26770\Desktop\correlated_activity_transformer\.venv\Scripts\python.exe network\train.py --device auto --epochs 100 --steps_per_epoch 2000 --batch_size 128 --lr 1e-4 --save_dir checkpoint\checkpoints_N200_Lp30_M32_snr20_normpilot_bs128_steps2000 --log_file checkpoint\checkpoints_N200_Lp30_M32_snr20_normpilot_bs128_steps2000\train.log --amp --amp_dtype bf16
Config: config.json
Args: {"amp": true, "amp_dtype": "bf16", "batch_size": 128, "device": "cuda", "epochs": 100, "eval_batches": 20, "eval_threshold": 0.5, "fixed_eval_set": true, "grad_clip": 0.0, "log_file": "checkpoint\\checkpoints_N200_Lp30_M32_snr20_normpilot_bs128_steps2000\\train.log", "lr": 0.0001, "lr_decay_epochs": "90,97", "lr_decay_factor": 0.1, "model": {"attn_dropout": 0.0, "ctx_attn_dropout": 0.0, "dim": 128, "ff_dim": 512, "ffn_dropout": 0.0, "head_dim": 32, "model_name": "base", "norm_type": "batch", "num_heads": 8, "num_layers": 5, "score_scale": 10.0}, "save_dir": "checkpoint\\checkpoints_N200_Lp30_M32_snr20_normpilot_bs128_steps2000", "seed": 42, "steps_per_epoch": 2000, "system": {"activity_prob": 0.1, "bandwidth_hz": 10000000.0, "cell_radius_m": 250.0, "noise_mode": "snr", "noise_power_dbm_hz": -169.0, "num_antennas": 32, "num_devices": 200, "pilot_len": 30, "pmax_dbm": 23.0, "snr_db": 20.0}, "warmup_epochs": 0}
System: {"activity_prob": 0.1, "bandwidth_hz": 10000000.0, "cell_radius_m": 250.0, "noise_mode": "snr", "noise_power_dbm_hz": -169.0, "num_antennas": 32, "num_devices": 200, "pilot_len": 30, "pmax_dbm": 23.0, "snr_db": 20.0}
Model: {"attn_dropout": 0.0, "ctx_attn_dropout": 0.0, "dim": 128, "ff_dim": 512, "ffn_dropout": 0.0, "head_dim": 32, "model_name": "base", "norm_type": "batch", "num_devices": 200, "num_heads": 8, "num_layers": 5, "pilot_len": 30, "score_scale": 10.0}

Epoch 001 | loss=0.238139 | PM@0.50=0.355610 | PF@0.50=0.383368 | p_mean=0.4563 | skip=0 | lr=1.00e-04
Epoch 002 | loss=0.226342 | PM@0.50=0.342154 | PF@0.50=0.372751 | p_mean=0.4470 | skip=0 | lr=1.00e-04
Epoch 003 | loss=0.222867 | PM@0.50=0.328620 | PF@0.50=0.369529 | p_mean=0.4427 | skip=0 | lr=1.00e-04
Epoch 004 | loss=0.219967 | PM@0.50=0.320699 | PF@0.50=0.362095 | p_mean=0.4369 | skip=0 | lr=1.00e-04
Epoch 005 | loss=0.217416 | PM@0.50=0.305071 | PF@0.50=0.363251 | p_mean=0.4331 | skip=0 | lr=1.00e-04
Epoch 006 | loss=0.214589 | PM@0.50=0.304817 | PF@0.50=0.353058 | p_mean=0.4253 | skip=0 | lr=1.00e-04
Epoch 007 | loss=0.212717 | PM@0.50=0.290774 | PF@0.50=0.358881 | p_mean=0.4258 | skip=0 | lr=1.00e-04
Epoch 008 | loss=0.210270 | PM@0.50=0.290931 | PF@0.50=0.346878 | p_mean=0.4180 | skip=0 | lr=1.00e-04
Epoch 009 | loss=0.208279 | PM@0.50=0.278707 | PF@0.50=0.352452 | p_mean=0.4179 | skip=0 | lr=1.00e-04
Epoch 010 | loss=0.205524 | PM@0.50=0.269436 | PF@0.50=0.336817 | p_mean=0.4099 | skip=0 | lr=1.00e-04
Epoch 011 | loss=0.199996 | PM@0.50=0.259931 | PF@0.50=0.324620 | p_mean=0.4023 | skip=0 | lr=1.00e-04
Epoch 012 | loss=0.197268 | PM@0.50=0.256684 | PF@0.50=0.319315 | p_mean=0.3975 | skip=0 | lr=1.00e-04
Epoch 013 | loss=0.194399 | PM@0.50=0.249721 | PF@0.50=0.305565 | p_mean=0.3898 | skip=0 | lr=1.00e-04
Epoch 014 | loss=0.186783 | PM@0.50=0.243306 | PF@0.50=0.272007 | p_mean=0.3697 | skip=0 | lr=1.00e-04
Epoch 015 | loss=0.177217 | PM@0.50=0.216707 | PF@0.50=0.263714 | p_mean=0.3589 | skip=0 | lr=1.00e-04
Epoch 016 | loss=0.171619 | PM@0.50=0.215885 | PF@0.50=0.254186 | p_mean=0.3494 | skip=0 | lr=1.00e-04
Epoch 017 | loss=0.168386 | PM@0.50=0.210429 | PF@0.50=0.248430 | p_mean=0.3451 | skip=0 | lr=1.00e-04
Epoch 018 | loss=0.164936 | PM@0.50=0.201060 | PF@0.50=0.243589 | p_mean=0.3410 | skip=0 | lr=1.00e-04
Epoch 019 | loss=0.160984 | PM@0.50=0.197148 | PF@0.50=0.231390 | p_mean=0.3337 | skip=0 | lr=1.00e-04
Epoch 020 | loss=0.156589 | PM@0.50=0.192591 | PF@0.50=0.220443 | p_mean=0.3247 | skip=0 | lr=1.00e-04
Epoch 021 | loss=0.152232 | PM@0.50=0.180563 | PF@0.50=0.217707 | p_mean=0.3220 | skip=0 | lr=1.00e-04
Epoch 022 | loss=0.148139 | PM@0.50=0.179135 | PF@0.50=0.205155 | p_mean=0.3132 | skip=0 | lr=1.00e-04
Epoch 023 | loss=0.144464 | PM@0.50=0.176417 | PF@0.50=0.197138 | p_mean=0.3061 | skip=0 | lr=1.00e-04
Epoch 024 | loss=0.141340 | PM@0.50=0.174343 | PF@0.50=0.188063 | p_mean=0.2988 | skip=0 | lr=1.00e-04
Epoch 025 | loss=0.138122 | PM@0.50=0.166070 | PF@0.50=0.186202 | p_mean=0.2962 | skip=0 | lr=1.00e-04
Epoch 026 | loss=0.135419 | PM@0.50=0.157543 | PF@0.50=0.188439 | p_mean=0.2971 | skip=0 | lr=1.00e-04
Epoch 027 | loss=0.132889 | PM@0.50=0.155333 | PF@0.50=0.182162 | p_mean=0.2912 | skip=0 | lr=1.00e-04
Epoch 028 | loss=0.130337 | PM@0.50=0.156545 | PF@0.50=0.172400 | p_mean=0.2832 | skip=0 | lr=1.00e-04
Epoch 029 | loss=0.127937 | PM@0.50=0.157132 | PF@0.50=0.166908 | p_mean=0.2788 | skip=0 | lr=1.00e-04
Epoch 030 | loss=0.125998 | PM@0.50=0.147079 | PF@0.50=0.170670 | p_mean=0.2819 | skip=0 | lr=1.00e-04
Epoch 031 | loss=0.123992 | PM@0.50=0.152594 | PF@0.50=0.158556 | p_mean=0.2719 | skip=0 | lr=1.00e-04
Epoch 032 | loss=0.122117 | PM@0.50=0.142952 | PF@0.50=0.163234 | p_mean=0.2741 | skip=0 | lr=1.00e-04
Epoch 033 | loss=0.120480 | PM@0.50=0.139432 | PF@0.50=0.161705 | p_mean=0.2724 | skip=0 | lr=1.00e-04
Epoch 034 | loss=0.119304 | PM@0.50=0.134659 | PF@0.50=0.162412 | p_mean=0.2742 | skip=0 | lr=1.00e-04
Epoch 035 | loss=0.118067 | PM@0.50=0.147431 | PF@0.50=0.146622 | p_mean=0.2597 | skip=0 | lr=1.00e-04
Epoch 036 | loss=0.116875 | PM@0.50=0.139060 | PF@0.50=0.152409 | p_mean=0.2658 | skip=0 | lr=1.00e-04
Epoch 037 | loss=0.115773 | PM@0.50=0.137867 | PF@0.50=0.149578 | p_mean=0.2622 | skip=0 | lr=1.00e-04
Epoch 038 | loss=0.114812 | PM@0.50=0.140136 | PF@0.50=0.143754 | p_mean=0.2556 | skip=0 | lr=1.00e-04
Epoch 039 | loss=0.114162 | PM@0.50=0.132645 | PF@0.50=0.152607 | p_mean=0.2656 | skip=0 | lr=1.00e-04
Epoch 040 | loss=0.113385 | PM@0.50=0.135383 | PF@0.50=0.146646 | p_mean=0.2597 | skip=0 | lr=1.00e-04
Epoch 041 | loss=0.112687 | PM@0.50=0.132606 | PF@0.50=0.148310 | p_mean=0.2606 | skip=0 | lr=1.00e-04
Epoch 042 | loss=0.111901 | PM@0.50=0.131530 | PF@0.50=0.146121 | p_mean=0.2566 | skip=0 | lr=1.00e-04
Epoch 043 | loss=0.111388 | PM@0.50=0.131706 | PF@0.50=0.145314 | p_mean=0.2582 | skip=0 | lr=1.00e-04
Epoch 044 | loss=0.110930 | PM@0.50=0.126425 | PF@0.50=0.147612 | p_mean=0.2604 | skip=0 | lr=1.00e-04
Epoch 045 | loss=0.110355 | PM@0.50=0.123257 | PF@0.50=0.149200 | p_mean=0.2607 | skip=0 | lr=1.00e-04
Epoch 046 | loss=0.109602 | PM@0.50=0.134112 | PF@0.50=0.138922 | p_mean=0.2516 | skip=0 | lr=1.00e-04
Epoch 047 | loss=0.109162 | PM@0.50=0.128694 | PF@0.50=0.142129 | p_mean=0.2526 | skip=0 | lr=1.00e-04
Epoch 048 | loss=0.108730 | PM@0.50=0.126230 | PF@0.50=0.143639 | p_mean=0.2547 | skip=0 | lr=1.00e-04
Epoch 049 | loss=0.108396 | PM@0.50=0.133466 | PF@0.50=0.135194 | p_mean=0.2469 | skip=0 | lr=1.00e-04
Epoch 050 | loss=0.107847 | PM@0.50=0.126406 | PF@0.50=0.141159 | p_mean=0.2522 | skip=0 | lr=1.00e-04
Epoch 051 | loss=0.107592 | PM@0.50=0.122807 | PF@0.50=0.143337 | p_mean=0.2546 | skip=0 | lr=1.00e-04
Epoch 052 | loss=0.107062 | PM@0.50=0.126484 | PF@0.50=0.139837 | p_mean=0.2505 | skip=0 | lr=1.00e-04
Epoch 053 | loss=0.106632 | PM@0.50=0.126973 | PF@0.50=0.136949 | p_mean=0.2489 | skip=0 | lr=1.00e-04
Epoch 054 | loss=0.106282 | PM@0.50=0.120675 | PF@0.50=0.141914 | p_mean=0.2523 | skip=0 | lr=1.00e-04
Epoch 055 | loss=0.105974 | PM@0.50=0.122885 | PF@0.50=0.140232 | p_mean=0.2500 | skip=0 | lr=1.00e-04
Epoch 056 | loss=0.105473 | PM@0.50=0.126132 | PF@0.50=0.134328 | p_mean=0.2468 | skip=0 | lr=1.00e-04
Epoch 057 | loss=0.105007 | PM@0.50=0.128010 | PF@0.50=0.130492 | p_mean=0.2416 | skip=0 | lr=1.00e-04
Epoch 058 | loss=0.104636 | PM@0.50=0.127462 | PF@0.50=0.131822 | p_mean=0.2433 | skip=0 | lr=1.00e-04
Epoch 059 | loss=0.104156 | PM@0.50=0.123668 | PF@0.50=0.133983 | p_mean=0.2450 | skip=0 | lr=1.00e-04
Epoch 060 | loss=0.103774 | PM@0.50=0.118739 | PF@0.50=0.137290 | p_mean=0.2487 | skip=0 | lr=1.00e-04
Epoch 061 | loss=0.103325 | PM@0.50=0.116235 | PF@0.50=0.138935 | p_mean=0.2507 | skip=0 | lr=1.00e-04
Epoch 062 | loss=0.103028 | PM@0.50=0.117957 | PF@0.50=0.137014 | p_mean=0.2477 | skip=0 | lr=1.00e-04
Epoch 063 | loss=0.102437 | PM@0.50=0.127794 | PF@0.50=0.125647 | p_mean=0.2369 | skip=0 | lr=1.00e-04
Epoch 064 | loss=0.102008 | PM@0.50=0.123961 | PF@0.50=0.128526 | p_mean=0.2406 | skip=0 | lr=1.00e-04
Epoch 065 | loss=0.101724 | PM@0.50=0.122025 | PF@0.50=0.130158 | p_mean=0.2430 | skip=0 | lr=1.00e-04
Epoch 066 | loss=0.101321 | PM@0.50=0.121125 | PF@0.50=0.128118 | p_mean=0.2395 | skip=0 | lr=1.00e-04
Epoch 067 | loss=0.100959 | PM@0.50=0.124469 | PF@0.50=0.125326 | p_mean=0.2377 | skip=0 | lr=1.00e-04
Epoch 068 | loss=0.100646 | PM@0.50=0.117741 | PF@0.50=0.130216 | p_mean=0.2429 | skip=0 | lr=1.00e-04
Epoch 069 | loss=0.100190 | PM@0.50=0.122611 | PF@0.50=0.125261 | p_mean=0.2375 | skip=0 | lr=1.00e-04
Epoch 070 | loss=0.099979 | PM@0.50=0.117389 | PF@0.50=0.129466 | p_mean=0.2404 | skip=0 | lr=1.00e-04
Epoch 071 | loss=0.099886 | PM@0.50=0.122338 | PF@0.50=0.123026 | p_mean=0.2338 | skip=0 | lr=1.00e-04
Epoch 072 | loss=0.099453 | PM@0.50=0.121790 | PF@0.50=0.124126 | p_mean=0.2357 | skip=0 | lr=1.00e-04
Epoch 073 | loss=0.099079 | PM@0.50=0.115766 | PF@0.50=0.130666 | p_mean=0.2427 | skip=0 | lr=1.00e-04
Epoch 074 | loss=0.098790 | PM@0.50=0.120030 | PF@0.50=0.126096 | p_mean=0.2375 | skip=0 | lr=1.00e-04
Epoch 075 | loss=0.098485 | PM@0.50=0.111170 | PF@0.50=0.130240 | p_mean=0.2407 | skip=0 | lr=1.00e-04
Epoch 076 | loss=0.098169 | PM@0.50=0.120049 | PF@0.50=0.122998 | p_mean=0.2338 | skip=0 | lr=1.00e-04
Epoch 077 | loss=0.097955 | PM@0.50=0.123218 | PF@0.50=0.120127 | p_mean=0.2317 | skip=0 | lr=1.00e-04
Epoch 078 | loss=0.097886 | PM@0.50=0.120675 | PF@0.50=0.120893 | p_mean=0.2330 | skip=0 | lr=1.00e-04
Epoch 079 | loss=0.097671 | PM@0.50=0.115179 | PF@0.50=0.124469 | p_mean=0.2348 | skip=0 | lr=1.00e-04
Epoch 080 | loss=0.097413 | PM@0.50=0.116275 | PF@0.50=0.123158 | p_mean=0.2346 | skip=0 | lr=1.00e-04
Epoch 081 | loss=0.097320 | PM@0.50=0.117233 | PF@0.50=0.122919 | p_mean=0.2343 | skip=0 | lr=1.00e-04
Epoch 082 | loss=0.097092 | PM@0.50=0.117116 | PF@0.50=0.123028 | p_mean=0.2359 | skip=0 | lr=1.00e-04
Epoch 083 | loss=0.096938 | PM@0.50=0.115942 | PF@0.50=0.122221 | p_mean=0.2340 | skip=0 | lr=1.00e-04
Epoch 084 | loss=0.096729 | PM@0.50=0.121418 | PF@0.50=0.117330 | p_mean=0.2287 | skip=0 | lr=1.00e-04
Epoch 085 | loss=0.096520 | PM@0.50=0.114905 | PF@0.50=0.124091 | p_mean=0.2352 | skip=0 | lr=1.00e-04
Epoch 086 | loss=0.096257 | PM@0.50=0.113967 | PF@0.50=0.122629 | p_mean=0.2330 | skip=0 | lr=1.00e-04
Epoch 087 | loss=0.096295 | PM@0.50=0.113360 | PF@0.50=0.124108 | p_mean=0.2347 | skip=0 | lr=1.00e-04
Epoch 088 | loss=0.095927 | PM@0.50=0.117624 | PF@0.50=0.118454 | p_mean=0.2293 | skip=0 | lr=1.00e-04
Epoch 089 | loss=0.095777 | PM@0.50=0.108060 | PF@0.50=0.127452 | p_mean=0.2385 | skip=0 | lr=1.00e-04
Epoch 090 | loss=0.095704 | PM@0.50=0.110896 | PF@0.50=0.123518 | p_mean=0.2341 | skip=0 | lr=1.00e-04
Epoch 091 | loss=0.093573 | PM@0.50=0.108295 | PF@0.50=0.119637 | p_mean=0.2304 | skip=0 | lr=1.00e-05
Epoch 092 | loss=0.092639 | PM@0.50=0.109429 | PF@0.50=0.117462 | p_mean=0.2283 | skip=0 | lr=1.00e-05
Epoch 093 | loss=0.092209 | PM@0.50=0.107141 | PF@0.50=0.118484 | p_mean=0.2290 | skip=0 | lr=1.00e-05
Epoch 094 | loss=0.092012 | PM@0.50=0.107591 | PF@0.50=0.117423 | p_mean=0.2281 | skip=0 | lr=1.00e-05
Epoch 095 | loss=0.091818 | PM@0.50=0.110329 | PF@0.50=0.114086 | p_mean=0.2247 | skip=0 | lr=1.00e-05
Epoch 096 | loss=0.091721 | PM@0.50=0.109468 | PF@0.50=0.114941 | p_mean=0.2262 | skip=0 | lr=1.00e-05
Epoch 097 | loss=0.091511 | PM@0.50=0.107982 | PF@0.50=0.116438 | p_mean=0.2271 | skip=0 | lr=1.00e-05
Epoch 098 | loss=0.091368 | PM@0.50=0.106867 | PF@0.50=0.116486 | p_mean=0.2273 | skip=0 | lr=1.00e-06
Epoch 099 | loss=0.091489 | PM@0.50=0.107141 | PF@0.50=0.116404 | p_mean=0.2272 | skip=0 | lr=1.00e-06
Epoch 100 | loss=0.091168 | PM@0.50=0.107923 | PF@0.50=0.115740 | p_mean=0.2262 | skip=0 | lr=1.00e-06

Command: C:\Users\26770\Desktop\correlated_activity_transformer\.venv\Scripts\python.exe network\train.py --device auto --epochs 100 --steps_per_epoch 2000 --batch_size 128 --lr 1e-4 --save_dir checkpoint\checkpoints_N200_Lp30_M32_snr20_normpilot_bs128_steps2000 --log_file checkpoint\checkpoints_N200_Lp30_M32_snr20_normpilot_bs128_steps2000\train.log --amp --amp_dtype bf16
Config: config.json
Args: {"amp": true, "amp_dtype": "bf16", "batch_size": 128, "device": "cuda", "epochs": 100, "eval_batches": 20, "eval_threshold": 0.5, "fixed_eval_set": true, "grad_clip": 0.0, "log_file": "checkpoint\\checkpoints_N200_Lp30_M32_snr20_normpilot_bs128_steps2000\\train.log", "lr": 0.0001, "lr_decay_epochs": "90,97", "lr_decay_factor": 0.1, "model": {"attn_dropout": 0.0, "ctx_attn_dropout": 0.0, "dim": 128, "ff_dim": 512, "ffn_dropout": 0.0, "head_dim": 32, "model_name": "base", "norm_type": "batch", "num_heads": 8, "num_layers": 5, "score_scale": 10.0}, "save_dir": "checkpoint\\checkpoints_N200_Lp30_M32_snr20_normpilot_bs128_steps2000", "seed": 42, "steps_per_epoch": 2000, "system": {"activity_prob": 0.1, "bandwidth_hz": 10000000.0, "cell_radius_m": 250.0, "noise_mode": "snr", "noise_power_dbm_hz": -169.0, "num_antennas": 32, "num_devices": 200, "pilot_len": 30, "pmax_dbm": 23.0, "snr_db": 20.0}, "warmup_epochs": 0}
System: {"activity_prob": 0.1, "bandwidth_hz": 10000000.0, "cell_radius_m": 250.0, "noise_mode": "snr", "noise_power_dbm_hz": -169.0, "num_antennas": 32, "num_devices": 200, "pilot_len": 30, "pmax_dbm": 23.0, "snr_db": 20.0}
Model: {"attn_dropout": 0.0, "ctx_attn_dropout": 0.0, "dim": 128, "ff_dim": 512, "ffn_dropout": 0.0, "head_dim": 32, "model_name": "base", "norm_type": "batch", "num_devices": 200, "num_heads": 8, "num_layers": 5, "pilot_len": 30, "score_scale": 10.0}

Epoch 001 | loss=0.238145 | PM@0.50=0.355121 | PF@0.50=0.382931 | p_mean=0.4563 | skip=0 | lr=1.00e-04
Epoch 002 | loss=0.226337 | PM@0.50=0.342369 | PF@0.50=0.372469 | p_mean=0.4469 | skip=0 | lr=1.00e-04
Epoch 003 | loss=0.222832 | PM@0.50=0.329089 | PF@0.50=0.368923 | p_mean=0.4424 | skip=0 | lr=1.00e-04
Epoch 004 | loss=0.219955 | PM@0.50=0.319975 | PF@0.50=0.361928 | p_mean=0.4369 | skip=0 | lr=1.00e-04
Epoch 005 | loss=0.217513 | PM@0.50=0.304778 | PF@0.50=0.364286 | p_mean=0.4335 | skip=0 | lr=1.00e-04
Epoch 006 | loss=0.214789 | PM@0.50=0.305541 | PF@0.50=0.353088 | p_mean=0.4255 | skip=0 | lr=1.00e-04
Epoch 007 | loss=0.212785 | PM@0.50=0.290970 | PF@0.50=0.359326 | p_mean=0.4259 | skip=0 | lr=1.00e-04
Epoch 008 | loss=0.210515 | PM@0.50=0.291791 | PF@0.50=0.347236 | p_mean=0.4184 | skip=0 | lr=1.00e-04
Epoch 009 | loss=0.208420 | PM@0.50=0.279078 | PF@0.50=0.352693 | p_mean=0.4183 | skip=0 | lr=1.00e-04
Epoch 010 | loss=0.205912 | PM@0.50=0.270786 | PF@0.50=0.339383 | p_mean=0.4114 | skip=0 | lr=1.00e-04
Epoch 011 | loss=0.200454 | PM@0.50=0.260928 | PF@0.50=0.325011 | p_mean=0.4029 | skip=0 | lr=1.00e-04
Epoch 012 | loss=0.197243 | PM@0.50=0.255608 | PF@0.50=0.319009 | p_mean=0.3972 | skip=0 | lr=1.00e-04
Epoch 013 | loss=0.193812 | PM@0.50=0.249193 | PF@0.50=0.302080 | p_mean=0.3878 | skip=0 | lr=1.00e-04
Epoch 014 | loss=0.185507 | PM@0.50=0.241663 | PF@0.50=0.270175 | p_mean=0.3676 | skip=0 | lr=1.00e-04
Epoch 015 | loss=0.176430 | PM@0.50=0.216902 | PF@0.50=0.262230 | p_mean=0.3579 | skip=0 | lr=1.00e-04
Epoch 016 | loss=0.170943 | PM@0.50=0.214888 | PF@0.50=0.251346 | p_mean=0.3482 | skip=0 | lr=1.00e-04
Epoch 017 | loss=0.167545 | PM@0.50=0.209568 | PF@0.50=0.246483 | p_mean=0.3440 | skip=0 | lr=1.00e-04
Epoch 018 | loss=0.164060 | PM@0.50=0.199046 | PF@0.50=0.240401 | p_mean=0.3396 | skip=0 | lr=1.00e-04
Epoch 019 | loss=0.160103 | PM@0.50=0.195838 | PF@0.50=0.229763 | p_mean=0.3326 | skip=0 | lr=1.00e-04
Epoch 020 | loss=0.155799 | PM@0.50=0.192552 | PF@0.50=0.218682 | p_mean=0.3238 | skip=0 | lr=1.00e-04
Epoch 021 | loss=0.151579 | PM@0.50=0.181443 | PF@0.50=0.215653 | p_mean=0.3205 | skip=0 | lr=1.00e-04
Epoch 022 | loss=0.147664 | PM@0.50=0.181873 | PF@0.50=0.204812 | p_mean=0.3127 | skip=0 | lr=1.00e-04
Epoch 023 | loss=0.144091 | PM@0.50=0.180250 | PF@0.50=0.195369 | p_mean=0.3053 | skip=0 | lr=1.00e-04
Epoch 024 | loss=0.141004 | PM@0.50=0.177297 | PF@0.50=0.187831 | p_mean=0.2989 | skip=0 | lr=1.00e-04
Epoch 025 | loss=0.137779 | PM@0.50=0.170060 | PF@0.50=0.184481 | p_mean=0.2957 | skip=0 | lr=1.00e-04
Epoch 026 | loss=0.134866 | PM@0.50=0.157445 | PF@0.50=0.186493 | p_mean=0.2957 | skip=0 | lr=1.00e-04
Epoch 027 | loss=0.132158 | PM@0.50=0.157367 | PF@0.50=0.178712 | p_mean=0.2895 | skip=0 | lr=1.00e-04
Epoch 028 | loss=0.129626 | PM@0.50=0.158266 | PF@0.50=0.170299 | p_mean=0.2825 | skip=0 | lr=1.00e-04
Epoch 029 | loss=0.127193 | PM@0.50=0.157191 | PF@0.50=0.163640 | p_mean=0.2772 | skip=0 | lr=1.00e-04
Epoch 030 | loss=0.124847 | PM@0.50=0.148428 | PF@0.50=0.164324 | p_mean=0.2775 | skip=0 | lr=1.00e-04
Epoch 031 | loss=0.122632 | PM@0.50=0.152555 | PF@0.50=0.155126 | p_mean=0.2699 | skip=0 | lr=1.00e-04
Epoch 032 | loss=0.120738 | PM@0.50=0.142189 | PF@0.50=0.159934 | p_mean=0.2718 | skip=0 | lr=1.00e-04
Epoch 033 | loss=0.119273 | PM@0.50=0.140664 | PF@0.50=0.157725 | p_mean=0.2702 | skip=0 | lr=1.00e-04
Epoch 034 | loss=0.118208 | PM@0.50=0.136517 | PF@0.50=0.158693 | p_mean=0.2717 | skip=0 | lr=1.00e-04
Epoch 035 | loss=0.117066 | PM@0.50=0.144888 | PF@0.50=0.146965 | p_mean=0.2603 | skip=0 | lr=1.00e-04
Epoch 036 | loss=0.115996 | PM@0.50=0.138082 | PF@0.50=0.151977 | p_mean=0.2656 | skip=0 | lr=1.00e-04
Epoch 037 | loss=0.115004 | PM@0.50=0.139412 | PF@0.50=0.147302 | p_mean=0.2605 | skip=0 | lr=1.00e-04
Epoch 038 | loss=0.114119 | PM@0.50=0.138121 | PF@0.50=0.145134 | p_mean=0.2584 | skip=0 | lr=1.00e-04
Epoch 039 | loss=0.113510 | PM@0.50=0.132801 | PF@0.50=0.152444 | p_mean=0.2655 | skip=0 | lr=1.00e-04
Epoch 040 | loss=0.112803 | PM@0.50=0.137769 | PF@0.50=0.144830 | p_mean=0.2590 | skip=0 | lr=1.00e-04
Epoch 041 | loss=0.112122 | PM@0.50=0.134053 | PF@0.50=0.145021 | p_mean=0.2580 | skip=0 | lr=1.00e-04
Epoch 042 | loss=0.111466 | PM@0.50=0.132567 | PF@0.50=0.146290 | p_mean=0.2567 | skip=0 | lr=1.00e-04
Epoch 043 | loss=0.111044 | PM@0.50=0.133056 | PF@0.50=0.143997 | p_mean=0.2571 | skip=0 | lr=1.00e-04
Epoch 044 | loss=0.110614 | PM@0.50=0.129046 | PF@0.50=0.146599 | p_mean=0.2606 | skip=0 | lr=1.00e-04
Epoch 045 | loss=0.110132 | PM@0.50=0.125506 | PF@0.50=0.148193 | p_mean=0.2599 | skip=0 | lr=1.00e-04
Epoch 046 | loss=0.109487 | PM@0.50=0.134816 | PF@0.50=0.137832 | p_mean=0.2511 | skip=0 | lr=1.00e-04
Epoch 047 | loss=0.109098 | PM@0.50=0.131647 | PF@0.50=0.140981 | p_mean=0.2522 | skip=0 | lr=1.00e-04
Epoch 048 | loss=0.108763 | PM@0.50=0.127012 | PF@0.50=0.145223 | p_mean=0.2569 | skip=0 | lr=1.00e-04
Epoch 049 | loss=0.108527 | PM@0.50=0.131863 | PF@0.50=0.136411 | p_mean=0.2486 | skip=0 | lr=1.00e-04
Epoch 050 | loss=0.108084 | PM@0.50=0.130200 | PF@0.50=0.139022 | p_mean=0.2506 | skip=0 | lr=1.00e-04
Epoch 051 | loss=0.107884 | PM@0.50=0.126621 | PF@0.50=0.142131 | p_mean=0.2541 | skip=0 | lr=1.00e-04
Epoch 052 | loss=0.107415 | PM@0.50=0.127286 | PF@0.50=0.140807 | p_mean=0.2520 | skip=0 | lr=1.00e-04
Epoch 053 | loss=0.107082 | PM@0.50=0.128440 | PF@0.50=0.138687 | p_mean=0.2507 | skip=0 | lr=1.00e-04
Epoch 054 | loss=0.106832 | PM@0.50=0.122631 | PF@0.50=0.143096 | p_mean=0.2542 | skip=0 | lr=1.00e-04
Epoch 055 | loss=0.106635 | PM@0.50=0.126034 | PF@0.50=0.140389 | p_mean=0.2510 | skip=0 | lr=1.00e-04
Epoch 056 | loss=0.106297 | PM@0.50=0.126758 | PF@0.50=0.136424 | p_mean=0.2494 | skip=0 | lr=1.00e-04
Epoch 057 | loss=0.105918 | PM@0.50=0.132508 | PF@0.50=0.130449 | p_mean=0.2429 | skip=0 | lr=1.00e-04
Epoch 058 | loss=0.105632 | PM@0.50=0.130024 | PF@0.50=0.132870 | p_mean=0.2450 | skip=0 | lr=1.00e-04
Epoch 059 | loss=0.105324 | PM@0.50=0.123863 | PF@0.50=0.137338 | p_mean=0.2493 | skip=0 | lr=1.00e-04
Epoch 060 | loss=0.105045 | PM@0.50=0.121516 | PF@0.50=0.140482 | p_mean=0.2513 | skip=0 | lr=1.00e-04
Epoch 061 | loss=0.104713 | PM@0.50=0.119169 | PF@0.50=0.139820 | p_mean=0.2529 | skip=0 | lr=1.00e-04
Epoch 062 | loss=0.104481 | PM@0.50=0.121614 | PF@0.50=0.137961 | p_mean=0.2495 | skip=0 | lr=1.00e-04
Epoch 063 | loss=0.103862 | PM@0.50=0.129300 | PF@0.50=0.127487 | p_mean=0.2387 | skip=0 | lr=1.00e-04
Epoch 064 | loss=0.103521 | PM@0.50=0.126269 | PF@0.50=0.130694 | p_mean=0.2438 | skip=0 | lr=1.00e-04
Epoch 065 | loss=0.103223 | PM@0.50=0.121927 | PF@0.50=0.132343 | p_mean=0.2452 | skip=0 | lr=1.00e-04
Epoch 066 | loss=0.102891 | PM@0.50=0.125252 | PF@0.50=0.127734 | p_mean=0.2397 | skip=0 | lr=1.00e-04
Epoch 067 | loss=0.102486 | PM@0.50=0.127032 | PF@0.50=0.127237 | p_mean=0.2394 | skip=0 | lr=1.00e-04
Epoch 068 | loss=0.102146 | PM@0.50=0.122377 | PF@0.50=0.129748 | p_mean=0.2442 | skip=0 | lr=1.00e-04
Epoch 069 | loss=0.101744 | PM@0.50=0.126015 | PF@0.50=0.125130 | p_mean=0.2381 | skip=0 | lr=1.00e-04
Epoch 070 | loss=0.101489 | PM@0.50=0.118504 | PF@0.50=0.131690 | p_mean=0.2440 | skip=0 | lr=1.00e-04
Epoch 071 | loss=0.101377 | PM@0.50=0.128342 | PF@0.50=0.122073 | p_mean=0.2340 | skip=0 | lr=1.00e-04
Epoch 072 | loss=0.100914 | PM@0.50=0.125487 | PF@0.50=0.123935 | p_mean=0.2370 | skip=0 | lr=1.00e-04
Epoch 073 | loss=0.100522 | PM@0.50=0.119267 | PF@0.50=0.129175 | p_mean=0.2428 | skip=0 | lr=1.00e-04
Epoch 074 | loss=0.100205 | PM@0.50=0.120010 | PF@0.50=0.128587 | p_mean=0.2400 | skip=0 | lr=1.00e-04
Epoch 075 | loss=0.099860 | PM@0.50=0.118700 | PF@0.50=0.130000 | p_mean=0.2409 | skip=0 | lr=1.00e-04
Epoch 076 | loss=0.099489 | PM@0.50=0.122885 | PF@0.50=0.123202 | p_mean=0.2360 | skip=0 | lr=1.00e-04
Epoch 077 | loss=0.099233 | PM@0.50=0.126015 | PF@0.50=0.120311 | p_mean=0.2327 | skip=0 | lr=1.00e-04
Epoch 078 | loss=0.099142 | PM@0.50=0.121868 | PF@0.50=0.122687 | p_mean=0.2361 | skip=0 | lr=1.00e-04
Epoch 079 | loss=0.098875 | PM@0.50=0.119834 | PF@0.50=0.124675 | p_mean=0.2363 | skip=0 | lr=1.00e-04
Epoch 080 | loss=0.098580 | PM@0.50=0.120734 | PF@0.50=0.123638 | p_mean=0.2358 | skip=0 | lr=1.00e-04
Epoch 081 | loss=0.098424 | PM@0.50=0.118778 | PF@0.50=0.123447 | p_mean=0.2356 | skip=0 | lr=1.00e-04
Epoch 082 | loss=0.098235 | PM@0.50=0.117683 | PF@0.50=0.124957 | p_mean=0.2377 | skip=0 | lr=1.00e-04
Epoch 083 | loss=0.097937 | PM@0.50=0.118895 | PF@0.50=0.122249 | p_mean=0.2345 | skip=0 | lr=1.00e-04
Epoch 084 | loss=0.097747 | PM@0.50=0.125369 | PF@0.50=0.116814 | p_mean=0.2297 | skip=0 | lr=1.00e-04
Epoch 085 | loss=0.097480 | PM@0.50=0.115101 | PF@0.50=0.124822 | p_mean=0.2369 | skip=0 | lr=1.00e-04
Epoch 086 | loss=0.097186 | PM@0.50=0.117135 | PF@0.50=0.123340 | p_mean=0.2351 | skip=0 | lr=1.00e-04
Epoch 087 | loss=0.097260 | PM@0.50=0.115414 | PF@0.50=0.124783 | p_mean=0.2359 | skip=0 | lr=1.00e-04
Epoch 088 | loss=0.096812 | PM@0.50=0.122005 | PF@0.50=0.117682 | p_mean=0.2285 | skip=0 | lr=1.00e-04
Epoch 089 | loss=0.096680 | PM@0.50=0.112245 | PF@0.50=0.126333 | p_mean=0.2381 | skip=0 | lr=1.00e-04
Epoch 090 | loss=0.096547 | PM@0.50=0.115414 | PF@0.50=0.122728 | p_mean=0.2342 | skip=0 | lr=1.00e-04
Epoch 091 | loss=0.094462 | PM@0.50=0.110075 | PF@0.50=0.120711 | p_mean=0.2317 | skip=0 | lr=1.00e-05
Epoch 092 | loss=0.093589 | PM@0.50=0.110779 | PF@0.50=0.118758 | p_mean=0.2296 | skip=0 | lr=1.00e-05
Epoch 093 | loss=0.093153 | PM@0.50=0.109957 | PF@0.50=0.118662 | p_mean=0.2301 | skip=0 | lr=1.00e-05
Epoch 094 | loss=0.092952 | PM@0.50=0.109566 | PF@0.50=0.118165 | p_mean=0.2292 | skip=0 | lr=1.00e-05
Epoch 095 | loss=0.092724 | PM@0.50=0.112226 | PF@0.50=0.115290 | p_mean=0.2261 | skip=0 | lr=1.00e-05
Epoch 096 | loss=0.092656 | PM@0.50=0.110818 | PF@0.50=0.116308 | p_mean=0.2278 | skip=0 | lr=1.00e-05
Epoch 097 | loss=0.092440 | PM@0.50=0.109312 | PF@0.50=0.117050 | p_mean=0.2282 | skip=0 | lr=1.00e-05
Epoch 098 | loss=0.092365 | PM@0.50=0.108549 | PF@0.50=0.117395 | p_mean=0.2285 | skip=0 | lr=1.00e-06
Epoch 099 | loss=0.092426 | PM@0.50=0.108784 | PF@0.50=0.117321 | p_mean=0.2284 | skip=0 | lr=1.00e-06
Epoch 100 | loss=0.092101 | PM@0.50=0.109566 | PF@0.50=0.116707 | p_mean=0.2274 | skip=0 | lr=1.00e-06
