
Command: /home/chenao/.conda/envs/cat/bin/python train.py
Args: {"activity_mode": "event", "activity_prob": 0.1, "amp": true, "amp_dtype": "bf16", "attn_dropout": 0.0, "background_activity_prob": 0.005, "bandwidth_hz": 10000000.0, "batch_size": 128, "cell_radius_m": 500.0, "corr_attn_init": 1.0, "corr_feature_mix_init": 0.1, "corr_refine_init": 0.5, "corr_refine_mode": "centered", "corr_threshold": 0.1, "corr_topk": 24, "correlation_length_m": 0.0, "ctx_attn_dropout": 0.0, "device": "cuda", "dim": 128, "epochs": 100, "eval_batches": 20, "eval_threshold": 0.5, "event_lambda": 1.0, "event_max_count": 3, "event_sigma_m": 120.0, "event_trigger_prob": 0.9, "ff_dim": 512, "ffn_dropout": 0.0, "fixed_eval_set": true, "grad_clip": 0.0, "head_dim": 32, "log_file": "/data/chenao/addcorr_260630/checkpoint/addcorr_260630/train.log", "lr": 0.0001, "lr_decay_epochs": "90,97", "lr_decay_factor": 0.1, "model_name": "base", "noise_mode": "snr", "noise_power_dbm_hz": -169.0, "norm_type": "batch", "num_antennas": 32, "num_devices": 200, "num_heads": 8, "num_layers": 5, "pilot_len": 30, "pmax_dbm": 23.0, "save_dir": "/data/chenao/addcorr_260630/checkpoint/addcorr_260630", "score_scale": 10.0, "seed": 42, "snr_db": 20.0, "steps_per_epoch": 2000, "use_correlation_attention_bias": true, "use_correlation_feature_mixer": true, "use_correlation_logit_refinement": true, "warmup_epochs": 0}
System: {"activity_mode": "event", "activity_prob": 0.1, "background_activity_prob": 0.005, "bandwidth_hz": 10000000.0, "cell_radius_m": 500.0, "correlation_length_m": 0.0, "event_lambda": 1.0, "event_max_count": 3, "event_sigma_m": 120.0, "event_trigger_prob": 0.9, "noise_mode": "snr", "noise_power_dbm_hz": -169.0, "num_antennas": 32, "num_devices": 200, "pilot_len": 30, "pmax_dbm": 23.0, "snr_db": 20.0}
Model: {"attn_dropout": 0.0, "corr_attn_init": 1.0, "corr_feature_mix_init": 0.1, "corr_refine_init": 0.5, "corr_refine_mode": "centered", "corr_threshold": 0.1, "corr_topk": 24, "ctx_attn_dropout": 0.0, "dim": 128, "ff_dim": 512, "ffn_dropout": 0.0, "head_dim": 32, "model_name": "base", "norm_type": "batch", "num_devices": 200, "num_heads": 8, "num_layers": 5, "pilot_len": 30, "score_scale": 10.0, "use_correlation_attention_bias": true, "use_correlation_feature_mixer": true, "use_correlation_logit_refinement": true}

Epoch 001 | loss=0.165553 | PM@0.50=0.130722 | PF@0.50=0.425040 | p_mean=0.3829 | skip=0 | lr=1.00e-04
Epoch 002 | loss=0.156230 | PM@0.50=0.133889 | PF@0.50=0.386348 | p_mean=0.3670 | skip=0 | lr=1.00e-04
Epoch 003 | loss=0.151688 | PM@0.50=0.137031 | PF@0.50=0.367350 | p_mean=0.3571 | skip=0 | lr=1.00e-04
Epoch 004 | loss=0.149696 | PM@0.50=0.129699 | PF@0.50=0.371510 | p_mean=0.3620 | skip=0 | lr=1.00e-04
Epoch 005 | loss=0.149204 | PM@0.50=0.135156 | PF@0.50=0.361517 | p_mean=0.3542 | skip=0 | lr=1.00e-04
Epoch 006 | loss=0.148633 | PM@0.50=0.144315 | PF@0.50=0.352007 | p_mean=0.3501 | skip=0 | lr=1.00e-04
Epoch 007 | loss=0.148610 | PM@0.50=0.147117 | PF@0.50=0.344429 | p_mean=0.3465 | skip=0 | lr=1.00e-04
Epoch 008 | loss=0.147803 | PM@0.50=0.138469 | PF@0.50=0.356744 | p_mean=0.3515 | skip=0 | lr=1.00e-04
Epoch 009 | loss=0.148434 | PM@0.50=0.128529 | PF@0.50=0.361554 | p_mean=0.3553 | skip=0 | lr=1.00e-04
Epoch 010 | loss=0.145853 | PM@0.50=0.149504 | PF@0.50=0.332684 | p_mean=0.3415 | skip=0 | lr=1.00e-04
Epoch 011 | loss=0.145820 | PM@0.50=0.131258 | PF@0.50=0.346565 | p_mean=0.3477 | skip=0 | lr=1.00e-04
Epoch 012 | loss=0.145612 | PM@0.50=0.137665 | PF@0.50=0.341925 | p_mean=0.3453 | skip=0 | lr=1.00e-04
Epoch 013 | loss=0.144066 | PM@0.50=0.135643 | PF@0.50=0.339832 | p_mean=0.3442 | skip=0 | lr=1.00e-04
Epoch 014 | loss=0.144047 | PM@0.50=0.123048 | PF@0.50=0.353434 | p_mean=0.3509 | skip=0 | lr=1.00e-04
Epoch 015 | loss=0.143904 | PM@0.50=0.133134 | PF@0.50=0.343159 | p_mean=0.3480 | skip=0 | lr=1.00e-04
Epoch 016 | loss=0.143344 | PM@0.50=0.148725 | PF@0.50=0.326972 | p_mean=0.3382 | skip=0 | lr=1.00e-04
Epoch 017 | loss=0.143291 | PM@0.50=0.127628 | PF@0.50=0.344596 | p_mean=0.3461 | skip=0 | lr=1.00e-04
Epoch 018 | loss=0.143087 | PM@0.50=0.137616 | PF@0.50=0.332895 | p_mean=0.3403 | skip=0 | lr=1.00e-04
Epoch 019 | loss=0.143062 | PM@0.50=0.139467 | PF@0.50=0.328578 | p_mean=0.3396 | skip=0 | lr=1.00e-04
Epoch 020 | loss=0.141675 | PM@0.50=0.136130 | PF@0.50=0.329378 | p_mean=0.3385 | skip=0 | lr=1.00e-04
Epoch 021 | loss=0.140763 | PM@0.50=0.137421 | PF@0.50=0.321069 | p_mean=0.3339 | skip=0 | lr=1.00e-04
Epoch 022 | loss=0.139881 | PM@0.50=0.132768 | PF@0.50=0.324779 | p_mean=0.3356 | skip=0 | lr=1.00e-04
Epoch 023 | loss=0.140370 | PM@0.50=0.140174 | PF@0.50=0.314687 | p_mean=0.3317 | skip=0 | lr=1.00e-04
Epoch 024 | loss=0.140106 | PM@0.50=0.133255 | PF@0.50=0.320471 | p_mean=0.3356 | skip=0 | lr=1.00e-04
Epoch 025 | loss=0.139831 | PM@0.50=0.133621 | PF@0.50=0.319556 | p_mean=0.3350 | skip=0 | lr=1.00e-04
Epoch 026 | loss=0.139448 | PM@0.50=0.129187 | PF@0.50=0.325221 | p_mean=0.3366 | skip=0 | lr=1.00e-04
Epoch 027 | loss=0.139863 | PM@0.50=0.133402 | PF@0.50=0.317729 | p_mean=0.3344 | skip=0 | lr=1.00e-04
Epoch 028 | loss=0.138975 | PM@0.50=0.137665 | PF@0.50=0.312338 | p_mean=0.3316 | skip=0 | lr=1.00e-04
Epoch 029 | loss=0.138139 | PM@0.50=0.125850 | PF@0.50=0.315922 | p_mean=0.3318 | skip=0 | lr=1.00e-04
Epoch 030 | loss=0.136855 | PM@0.50=0.134790 | PF@0.50=0.304811 | p_mean=0.3283 | skip=0 | lr=1.00e-04
Epoch 031 | loss=0.136061 | PM@0.50=0.142440 | PF@0.50=0.295296 | p_mean=0.3245 | skip=0 | lr=1.00e-04
Epoch 032 | loss=0.134003 | PM@0.50=0.122634 | PF@0.50=0.304539 | p_mean=0.3262 | skip=0 | lr=1.00e-04
Epoch 033 | loss=0.132326 | PM@0.50=0.129650 | PF@0.50=0.286478 | p_mean=0.3191 | skip=0 | lr=1.00e-04
Epoch 034 | loss=0.130240 | PM@0.50=0.134936 | PF@0.50=0.273536 | p_mean=0.3114 | skip=0 | lr=1.00e-04
Epoch 035 | loss=0.130236 | PM@0.50=0.126897 | PF@0.50=0.272884 | p_mean=0.3120 | skip=0 | lr=1.00e-04
Epoch 036 | loss=0.128683 | PM@0.50=0.110575 | PF@0.50=0.283879 | p_mean=0.3167 | skip=0 | lr=1.00e-04
Epoch 037 | loss=0.126761 | PM@0.50=0.130064 | PF@0.50=0.261341 | p_mean=0.3042 | skip=0 | lr=1.00e-04
Epoch 038 | loss=0.125027 | PM@0.50=0.129723 | PF@0.50=0.249291 | p_mean=0.2966 | skip=0 | lr=1.00e-04
Epoch 039 | loss=0.123250 | PM@0.50=0.121684 | PF@0.50=0.249077 | p_mean=0.2951 | skip=0 | lr=1.00e-04
Epoch 040 | loss=0.120966 | PM@0.50=0.118736 | PF@0.50=0.246142 | p_mean=0.2937 | skip=0 | lr=1.00e-04
Epoch 041 | loss=0.119221 | PM@0.50=0.119491 | PF@0.50=0.241068 | p_mean=0.2887 | skip=0 | lr=1.00e-04
Epoch 042 | loss=0.118416 | PM@0.50=0.110892 | PF@0.50=0.243331 | p_mean=0.2898 | skip=0 | lr=1.00e-04
Epoch 043 | loss=0.117733 | PM@0.50=0.114765 | PF@0.50=0.241165 | p_mean=0.2883 | skip=0 | lr=1.00e-04
Epoch 044 | loss=0.118386 | PM@0.50=0.119491 | PF@0.50=0.233784 | p_mean=0.2837 | skip=0 | lr=1.00e-04
Epoch 045 | loss=0.117417 | PM@0.50=0.123560 | PF@0.50=0.228648 | p_mean=0.2797 | skip=0 | lr=1.00e-04
Epoch 046 | loss=0.116762 | PM@0.50=0.118931 | PF@0.50=0.233398 | p_mean=0.2827 | skip=0 | lr=1.00e-04
Epoch 047 | loss=0.116144 | PM@0.50=0.125460 | PF@0.50=0.226773 | p_mean=0.2781 | skip=0 | lr=1.00e-04
Epoch 048 | loss=0.116049 | PM@0.50=0.119881 | PF@0.50=0.230510 | p_mean=0.2801 | skip=0 | lr=1.00e-04
Epoch 049 | loss=0.115862 | PM@0.50=0.120149 | PF@0.50=0.227939 | p_mean=0.2792 | skip=0 | lr=1.00e-04
Epoch 050 | loss=0.115269 | PM@0.50=0.114960 | PF@0.50=0.232160 | p_mean=0.2811 | skip=0 | lr=1.00e-04
Epoch 051 | loss=0.116003 | PM@0.50=0.108407 | PF@0.50=0.238027 | p_mean=0.2862 | skip=0 | lr=1.00e-04
Epoch 052 | loss=0.115462 | PM@0.50=0.112548 | PF@0.50=0.233453 | p_mean=0.2829 | skip=0 | lr=1.00e-04
Epoch 053 | loss=0.115745 | PM@0.50=0.108675 | PF@0.50=0.235729 | p_mean=0.2847 | skip=0 | lr=1.00e-04
Epoch 054 | loss=0.115234 | PM@0.50=0.101245 | PF@0.50=0.247032 | p_mean=0.2914 | skip=0 | lr=1.00e-04
Epoch 055 | loss=0.115477 | PM@0.50=0.109235 | PF@0.50=0.238713 | p_mean=0.2854 | skip=0 | lr=1.00e-04
Epoch 056 | loss=0.115523 | PM@0.50=0.107335 | PF@0.50=0.236097 | p_mean=0.2835 | skip=0 | lr=1.00e-04
Epoch 057 | loss=0.114279 | PM@0.50=0.105776 | PF@0.50=0.236479 | p_mean=0.2841 | skip=0 | lr=1.00e-04
Epoch 058 | loss=0.113569 | PM@0.50=0.108334 | PF@0.50=0.231674 | p_mean=0.2809 | skip=0 | lr=1.00e-04
Epoch 059 | loss=0.113702 | PM@0.50=0.106336 | PF@0.50=0.231016 | p_mean=0.2801 | skip=0 | lr=1.00e-04
Epoch 060 | loss=0.113326 | PM@0.50=0.110234 | PF@0.50=0.228281 | p_mean=0.2783 | skip=0 | lr=1.00e-04
Epoch 061 | loss=0.113232 | PM@0.50=0.109528 | PF@0.50=0.229482 | p_mean=0.2815 | skip=0 | lr=1.00e-04
Epoch 062 | loss=0.112539 | PM@0.50=0.113036 | PF@0.50=0.220660 | p_mean=0.2729 | skip=0 | lr=1.00e-04
Epoch 063 | loss=0.112458 | PM@0.50=0.105776 | PF@0.50=0.227969 | p_mean=0.2770 | skip=0 | lr=1.00e-04
Epoch 064 | loss=0.111177 | PM@0.50=0.105922 | PF@0.50=0.226554 | p_mean=0.2778 | skip=0 | lr=1.00e-04
Epoch 065 | loss=0.110975 | PM@0.50=0.106750 | PF@0.50=0.222029 | p_mean=0.2744 | skip=0 | lr=1.00e-04
Epoch 066 | loss=0.109729 | PM@0.50=0.111014 | PF@0.50=0.209102 | p_mean=0.2662 | skip=0 | lr=1.00e-04
Epoch 067 | loss=0.107164 | PM@0.50=0.107286 | PF@0.50=0.203182 | p_mean=0.2608 | skip=0 | lr=1.00e-04
Epoch 068 | loss=0.104607 | PM@0.50=0.098736 | PF@0.50=0.204989 | p_mean=0.2600 | skip=0 | lr=1.00e-04
Epoch 069 | loss=0.102998 | PM@0.50=0.107335 | PF@0.50=0.191109 | p_mean=0.2505 | skip=0 | lr=1.00e-04
Epoch 070 | loss=0.101898 | PM@0.50=0.088918 | PF@0.50=0.204136 | p_mean=0.2621 | skip=0 | lr=1.00e-04
Epoch 071 | loss=0.100830 | PM@0.50=0.111087 | PF@0.50=0.181167 | p_mean=0.2447 | skip=0 | lr=1.00e-04
Epoch 072 | loss=0.099085 | PM@0.50=0.103876 | PF@0.50=0.182418 | p_mean=0.2438 | skip=0 | lr=1.00e-04
Epoch 073 | loss=0.098110 | PM@0.50=0.097688 | PF@0.50=0.182957 | p_mean=0.2452 | skip=0 | lr=1.00e-04
Epoch 074 | loss=0.097639 | PM@0.50=0.094156 | PF@0.50=0.182142 | p_mean=0.2448 | skip=0 | lr=1.00e-04
Epoch 075 | loss=0.096928 | PM@0.50=0.092548 | PF@0.50=0.181970 | p_mean=0.2456 | skip=0 | lr=1.00e-04
Epoch 076 | loss=0.095806 | PM@0.50=0.093206 | PF@0.50=0.178275 | p_mean=0.2439 | skip=0 | lr=1.00e-04
Epoch 077 | loss=0.094749 | PM@0.50=0.094765 | PF@0.50=0.173114 | p_mean=0.2393 | skip=0 | lr=1.00e-04
Epoch 078 | loss=0.094407 | PM@0.50=0.093157 | PF@0.50=0.173918 | p_mean=0.2394 | skip=0 | lr=1.00e-04
Epoch 079 | loss=0.093192 | PM@0.50=0.090185 | PF@0.50=0.173116 | p_mean=0.2390 | skip=0 | lr=1.00e-04
Epoch 080 | loss=0.093074 | PM@0.50=0.083607 | PF@0.50=0.177823 | p_mean=0.2432 | skip=0 | lr=1.00e-04
Epoch 081 | loss=0.092823 | PM@0.50=0.092938 | PF@0.50=0.165353 | p_mean=0.2320 | skip=0 | lr=1.00e-04
Epoch 082 | loss=0.091272 | PM@0.50=0.091671 | PF@0.50=0.161979 | p_mean=0.2308 | skip=0 | lr=1.00e-04
Epoch 083 | loss=0.090775 | PM@0.50=0.088699 | PF@0.50=0.162155 | p_mean=0.2309 | skip=0 | lr=1.00e-04
Epoch 084 | loss=0.089581 | PM@0.50=0.090209 | PF@0.50=0.157354 | p_mean=0.2294 | skip=0 | lr=1.00e-04
Epoch 085 | loss=0.088936 | PM@0.50=0.085434 | PF@0.50=0.161641 | p_mean=0.2307 | skip=0 | lr=1.00e-04
Epoch 086 | loss=0.088332 | PM@0.50=0.088431 | PF@0.50=0.152842 | p_mean=0.2255 | skip=0 | lr=1.00e-04
Epoch 087 | loss=0.087880 | PM@0.50=0.086165 | PF@0.50=0.152610 | p_mean=0.2233 | skip=0 | lr=1.00e-04
Epoch 088 | loss=0.086921 | PM@0.50=0.078126 | PF@0.50=0.157288 | p_mean=0.2273 | skip=0 | lr=1.00e-04
Epoch 089 | loss=0.085943 | PM@0.50=0.081805 | PF@0.50=0.152967 | p_mean=0.2243 | skip=0 | lr=1.00e-04
Epoch 090 | loss=0.085172 | PM@0.50=0.085727 | PF@0.50=0.146506 | p_mean=0.2191 | skip=0 | lr=1.00e-04
Epoch 091 | loss=0.083795 | PM@0.50=0.081317 | PF@0.50=0.146773 | p_mean=0.2184 | skip=0 | lr=1.00e-05
Epoch 092 | loss=0.083443 | PM@0.50=0.082706 | PF@0.50=0.144374 | p_mean=0.2170 | skip=0 | lr=1.00e-05
Epoch 093 | loss=0.083373 | PM@0.50=0.080635 | PF@0.50=0.145949 | p_mean=0.2179 | skip=0 | lr=1.00e-05
Epoch 094 | loss=0.082931 | PM@0.50=0.081902 | PF@0.50=0.145149 | p_mean=0.2176 | skip=0 | lr=1.00e-05
Epoch 095 | loss=0.082917 | PM@0.50=0.082219 | PF@0.50=0.143344 | p_mean=0.2162 | skip=0 | lr=1.00e-05
Epoch 096 | loss=0.082482 | PM@0.50=0.080148 | PF@0.50=0.145075 | p_mean=0.2175 | skip=0 | lr=1.00e-05
Epoch 097 | loss=0.083049 | PM@0.50=0.080075 | PF@0.50=0.145140 | p_mean=0.2178 | skip=0 | lr=1.00e-05
Epoch 098 | loss=0.082316 | PM@0.50=0.080635 | PF@0.50=0.144287 | p_mean=0.2166 | skip=0 | lr=1.00e-06
Epoch 099 | loss=0.082469 | PM@0.50=0.079612 | PF@0.50=0.144703 | p_mean=0.2171 | skip=0 | lr=1.00e-06
Epoch 100 | loss=0.082407 | PM@0.50=0.080416 | PF@0.50=0.143962 | p_mean=0.2165 | skip=0 | lr=1.00e-06
