
Command: /home/chenao/.conda/envs/cat/bin/python train.py
Args: {"activity_mode": "event", "activity_prob": 0.1, "amp": true, "amp_dtype": "bf16", "attn_dropout": 0.0, "background_activity_prob": 0.005, "bandwidth_hz": 10000000.0, "batch_size": 128, "cell_radius_m": 500.0, "corr_attn_init": 1.0, "corr_refine_init": 0.5, "correlation_length_m": 0.0, "ctx_attn_dropout": 0.0, "device": "cuda", "dim": 128, "epochs": 100, "eval_batches": 20, "eval_threshold": 0.5, "event_lambda": 1.0, "event_max_count": 3, "event_sigma_m": 120.0, "event_trigger_prob": 0.9, "ff_dim": 512, "ffn_dropout": 0.0, "fixed_eval_set": true, "grad_clip": 0.0, "head_dim": 32, "log_file": "/data/chenao/transformer_activity_detection_copy/checkpoint/noaddcorr_260622/train.log", "lr": 0.0001, "lr_decay_epochs": "90,97", "lr_decay_factor": 0.1, "model_name": "base", "noise_mode": "snr", "noise_power_dbm_hz": -169.0, "norm_type": "batch", "num_antennas": 32, "num_devices": 200, "num_heads": 8, "num_layers": 5, "pilot_len": 30, "pmax_dbm": 23.0, "save_dir": "/data/chenao/transformer_activity_detection_copy/checkpoint/noaddcorr_260622", "score_scale": 10.0, "seed": 42, "snr_db": 20.0, "steps_per_epoch": 2000, "use_correlation_attention_bias": false, "use_correlation_logit_refinement": false, "warmup_epochs": 0}
System: {"activity_mode": "event", "activity_prob": 0.1, "background_activity_prob": 0.005, "bandwidth_hz": 10000000.0, "cell_radius_m": 500.0, "correlation_length_m": 0.0, "event_lambda": 1.0, "event_max_count": 3, "event_sigma_m": 120.0, "event_trigger_prob": 0.9, "noise_mode": "snr", "noise_power_dbm_hz": -169.0, "num_antennas": 32, "num_devices": 200, "pilot_len": 30, "pmax_dbm": 23.0, "snr_db": 20.0}
Model: {"attn_dropout": 0.0, "corr_attn_init": 1.0, "corr_refine_init": 0.5, "ctx_attn_dropout": 0.0, "dim": 128, "ff_dim": 512, "ffn_dropout": 0.0, "head_dim": 32, "model_name": "base", "norm_type": "batch", "num_devices": 200, "num_heads": 8, "num_layers": 5, "pilot_len": 30, "score_scale": 10.0, "use_correlation_attention_bias": false, "use_correlation_logit_refinement": false}

Epoch 001 | loss=0.168244 | PM@0.50=0.148579 | PF@0.50=0.422747 | p_mean=0.3826 | skip=0 | lr=1.00e-04
Epoch 002 | loss=0.162447 | PM@0.50=0.142610 | PF@0.50=0.424254 | p_mean=0.3791 | skip=0 | lr=1.00e-04
Epoch 003 | loss=0.159670 | PM@0.50=0.129211 | PF@0.50=0.430627 | p_mean=0.3805 | skip=0 | lr=1.00e-04
Epoch 004 | loss=0.157661 | PM@0.50=0.129406 | PF@0.50=0.422182 | p_mean=0.3775 | skip=0 | lr=1.00e-04
Epoch 005 | loss=0.156854 | PM@0.50=0.145631 | PF@0.50=0.405467 | p_mean=0.3698 | skip=0 | lr=1.00e-04
Epoch 006 | loss=0.156489 | PM@0.50=0.129869 | PF@0.50=0.418808 | p_mean=0.3704 | skip=0 | lr=1.00e-04
Epoch 007 | loss=0.156771 | PM@0.50=0.128505 | PF@0.50=0.418615 | p_mean=0.3729 | skip=0 | lr=1.00e-04
Epoch 008 | loss=0.156008 | PM@0.50=0.125119 | PF@0.50=0.422537 | p_mean=0.3753 | skip=0 | lr=1.00e-04
Epoch 009 | loss=0.157145 | PM@0.50=0.147263 | PF@0.50=0.401288 | p_mean=0.3682 | skip=0 | lr=1.00e-04
Epoch 010 | loss=0.155472 | PM@0.50=0.126118 | PF@0.50=0.420904 | p_mean=0.3748 | skip=0 | lr=1.00e-04
Epoch 011 | loss=0.155834 | PM@0.50=0.131916 | PF@0.50=0.410820 | p_mean=0.3697 | skip=0 | lr=1.00e-04
Epoch 012 | loss=0.155716 | PM@0.50=0.126288 | PF@0.50=0.415459 | p_mean=0.3690 | skip=0 | lr=1.00e-04
Epoch 013 | loss=0.154359 | PM@0.50=0.129650 | PF@0.50=0.411782 | p_mean=0.3709 | skip=0 | lr=1.00e-04
Epoch 014 | loss=0.154566 | PM@0.50=0.120149 | PF@0.50=0.420082 | p_mean=0.3733 | skip=0 | lr=1.00e-04
Epoch 015 | loss=0.154772 | PM@0.50=0.127896 | PF@0.50=0.411478 | p_mean=0.3688 | skip=0 | lr=1.00e-04
Epoch 016 | loss=0.154172 | PM@0.50=0.120636 | PF@0.50=0.415260 | p_mean=0.3692 | skip=0 | lr=1.00e-04
Epoch 017 | loss=0.153550 | PM@0.50=0.121392 | PF@0.50=0.413164 | p_mean=0.3666 | skip=0 | lr=1.00e-04
Epoch 018 | loss=0.153401 | PM@0.50=0.123024 | PF@0.50=0.410374 | p_mean=0.3684 | skip=0 | lr=1.00e-04
Epoch 019 | loss=0.153631 | PM@0.50=0.131039 | PF@0.50=0.403137 | p_mean=0.3654 | skip=0 | lr=1.00e-04
Epoch 020 | loss=0.153058 | PM@0.50=0.123292 | PF@0.50=0.410452 | p_mean=0.3682 | skip=0 | lr=1.00e-04
Epoch 021 | loss=0.152986 | PM@0.50=0.122756 | PF@0.50=0.409542 | p_mean=0.3669 | skip=0 | lr=1.00e-04
Epoch 022 | loss=0.152516 | PM@0.50=0.120393 | PF@0.50=0.411911 | p_mean=0.3656 | skip=0 | lr=1.00e-04
Epoch 023 | loss=0.153218 | PM@0.50=0.128602 | PF@0.50=0.402923 | p_mean=0.3655 | skip=0 | lr=1.00e-04
Epoch 024 | loss=0.152848 | PM@0.50=0.130868 | PF@0.50=0.397576 | p_mean=0.3617 | skip=0 | lr=1.00e-04
Epoch 025 | loss=0.152394 | PM@0.50=0.129772 | PF@0.50=0.396935 | p_mean=0.3600 | skip=0 | lr=1.00e-04
Epoch 026 | loss=0.152117 | PM@0.50=0.124997 | PF@0.50=0.401186 | p_mean=0.3633 | skip=0 | lr=1.00e-04
Epoch 027 | loss=0.152502 | PM@0.50=0.122415 | PF@0.50=0.402696 | p_mean=0.3627 | skip=0 | lr=1.00e-04
Epoch 028 | loss=0.151748 | PM@0.50=0.125411 | PF@0.50=0.399594 | p_mean=0.3615 | skip=0 | lr=1.00e-04
Epoch 029 | loss=0.151729 | PM@0.50=0.125630 | PF@0.50=0.398415 | p_mean=0.3601 | skip=0 | lr=1.00e-04
Epoch 030 | loss=0.151410 | PM@0.50=0.128066 | PF@0.50=0.396058 | p_mean=0.3598 | skip=0 | lr=1.00e-04
Epoch 031 | loss=0.151031 | PM@0.50=0.120417 | PF@0.50=0.401125 | p_mean=0.3636 | skip=0 | lr=1.00e-04
Epoch 032 | loss=0.150142 | PM@0.50=0.125777 | PF@0.50=0.393429 | p_mean=0.3601 | skip=0 | lr=1.00e-04
Epoch 033 | loss=0.150476 | PM@0.50=0.127068 | PF@0.50=0.391013 | p_mean=0.3573 | skip=0 | lr=1.00e-04
Epoch 034 | loss=0.149961 | PM@0.50=0.124875 | PF@0.50=0.392871 | p_mean=0.3594 | skip=0 | lr=1.00e-04
Epoch 035 | loss=0.151127 | PM@0.50=0.114911 | PF@0.50=0.401233 | p_mean=0.3612 | skip=0 | lr=1.00e-04
Epoch 036 | loss=0.150712 | PM@0.50=0.119223 | PF@0.50=0.397942 | p_mean=0.3604 | skip=0 | lr=1.00e-04
Epoch 037 | loss=0.150016 | PM@0.50=0.113693 | PF@0.50=0.402823 | p_mean=0.3614 | skip=0 | lr=1.00e-04
Epoch 038 | loss=0.149797 | PM@0.50=0.122122 | PF@0.50=0.393308 | p_mean=0.3586 | skip=0 | lr=1.00e-04
Epoch 039 | loss=0.150248 | PM@0.50=0.128846 | PF@0.50=0.385754 | p_mean=0.3552 | skip=0 | lr=1.00e-04
Epoch 040 | loss=0.149548 | PM@0.50=0.123413 | PF@0.50=0.386210 | p_mean=0.3570 | skip=0 | lr=1.00e-04
Epoch 041 | loss=0.148678 | PM@0.50=0.115569 | PF@0.50=0.390928 | p_mean=0.3558 | skip=0 | lr=1.00e-04
Epoch 042 | loss=0.148348 | PM@0.50=0.120612 | PF@0.50=0.386227 | p_mean=0.3555 | skip=0 | lr=1.00e-04
Epoch 043 | loss=0.148014 | PM@0.50=0.122585 | PF@0.50=0.382484 | p_mean=0.3542 | skip=0 | lr=1.00e-04
Epoch 044 | loss=0.149054 | PM@0.50=0.126800 | PF@0.50=0.378373 | p_mean=0.3518 | skip=0 | lr=1.00e-04
Epoch 045 | loss=0.148303 | PM@0.50=0.119808 | PF@0.50=0.385456 | p_mean=0.3532 | skip=0 | lr=1.00e-04
Epoch 046 | loss=0.147705 | PM@0.50=0.120295 | PF@0.50=0.384567 | p_mean=0.3544 | skip=0 | lr=1.00e-04
Epoch 047 | loss=0.147217 | PM@0.50=0.118127 | PF@0.50=0.386809 | p_mean=0.3549 | skip=0 | lr=1.00e-04
Epoch 048 | loss=0.147477 | PM@0.50=0.116958 | PF@0.50=0.385032 | p_mean=0.3538 | skip=0 | lr=1.00e-04
Epoch 049 | loss=0.146885 | PM@0.50=0.129577 | PF@0.50=0.371268 | p_mean=0.3487 | skip=0 | lr=1.00e-04
Epoch 050 | loss=0.146403 | PM@0.50=0.118419 | PF@0.50=0.379812 | p_mean=0.3515 | skip=0 | lr=1.00e-04
Epoch 051 | loss=0.147046 | PM@0.50=0.112865 | PF@0.50=0.384475 | p_mean=0.3528 | skip=0 | lr=1.00e-04
Epoch 052 | loss=0.146155 | PM@0.50=0.114278 | PF@0.50=0.379683 | p_mean=0.3511 | skip=0 | lr=1.00e-04
Epoch 053 | loss=0.146464 | PM@0.50=0.115472 | PF@0.50=0.378991 | p_mean=0.3507 | skip=0 | lr=1.00e-04
Epoch 054 | loss=0.145981 | PM@0.50=0.109260 | PF@0.50=0.385144 | p_mean=0.3515 | skip=0 | lr=1.00e-04
Epoch 055 | loss=0.146261 | PM@0.50=0.114985 | PF@0.50=0.378464 | p_mean=0.3493 | skip=0 | lr=1.00e-04
Epoch 056 | loss=0.146595 | PM@0.50=0.119467 | PF@0.50=0.374084 | p_mean=0.3486 | skip=0 | lr=1.00e-04
Epoch 057 | loss=0.145737 | PM@0.50=0.115862 | PF@0.50=0.377576 | p_mean=0.3499 | skip=0 | lr=1.00e-04
Epoch 058 | loss=0.145289 | PM@0.50=0.118955 | PF@0.50=0.373587 | p_mean=0.3491 | skip=0 | lr=1.00e-04
Epoch 059 | loss=0.145436 | PM@0.50=0.115155 | PF@0.50=0.375699 | p_mean=0.3502 | skip=0 | lr=1.00e-04
Epoch 060 | loss=0.145087 | PM@0.50=0.125216 | PF@0.50=0.364312 | p_mean=0.3440 | skip=0 | lr=1.00e-04
Epoch 061 | loss=0.144965 | PM@0.50=0.114278 | PF@0.50=0.374007 | p_mean=0.3484 | skip=0 | lr=1.00e-04
Epoch 062 | loss=0.144522 | PM@0.50=0.110867 | PF@0.50=0.376570 | p_mean=0.3495 | skip=0 | lr=1.00e-04
Epoch 063 | loss=0.145061 | PM@0.50=0.115033 | PF@0.50=0.372340 | p_mean=0.3474 | skip=0 | lr=1.00e-04
Epoch 064 | loss=0.143914 | PM@0.50=0.116544 | PF@0.50=0.367905 | p_mean=0.3451 | skip=0 | lr=1.00e-04
Epoch 065 | loss=0.144345 | PM@0.50=0.116690 | PF@0.50=0.365110 | p_mean=0.3439 | skip=0 | lr=1.00e-04
Epoch 066 | loss=0.144057 | PM@0.50=0.123365 | PF@0.50=0.358160 | p_mean=0.3426 | skip=0 | lr=1.00e-04
Epoch 067 | loss=0.143668 | PM@0.50=0.112500 | PF@0.50=0.367416 | p_mean=0.3437 | skip=0 | lr=1.00e-04
Epoch 068 | loss=0.143189 | PM@0.50=0.110989 | PF@0.50=0.367947 | p_mean=0.3449 | skip=0 | lr=1.00e-04
Epoch 069 | loss=0.143021 | PM@0.50=0.112037 | PF@0.50=0.364993 | p_mean=0.3439 | skip=0 | lr=1.00e-04
Epoch 070 | loss=0.142607 | PM@0.50=0.108334 | PF@0.50=0.364017 | p_mean=0.3426 | skip=0 | lr=1.00e-04
Epoch 071 | loss=0.142025 | PM@0.50=0.113182 | PF@0.50=0.355999 | p_mean=0.3387 | skip=0 | lr=1.00e-04
Epoch 072 | loss=0.140951 | PM@0.50=0.110892 | PF@0.50=0.358269 | p_mean=0.3407 | skip=0 | lr=1.00e-04
Epoch 073 | loss=0.140676 | PM@0.50=0.114181 | PF@0.50=0.355542 | p_mean=0.3382 | skip=0 | lr=1.00e-04
Epoch 074 | loss=0.141283 | PM@0.50=0.114741 | PF@0.50=0.351003 | p_mean=0.3365 | skip=0 | lr=1.00e-04
Epoch 075 | loss=0.141286 | PM@0.50=0.116276 | PF@0.50=0.349346 | p_mean=0.3353 | skip=0 | lr=1.00e-04
Epoch 076 | loss=0.140789 | PM@0.50=0.110283 | PF@0.50=0.352816 | p_mean=0.3365 | skip=0 | lr=1.00e-04
Epoch 077 | loss=0.140054 | PM@0.50=0.113401 | PF@0.50=0.349365 | p_mean=0.3348 | skip=0 | lr=1.00e-04
Epoch 078 | loss=0.140513 | PM@0.50=0.109966 | PF@0.50=0.353396 | p_mean=0.3373 | skip=0 | lr=1.00e-04
Epoch 079 | loss=0.139956 | PM@0.50=0.111769 | PF@0.50=0.350317 | p_mean=0.3362 | skip=0 | lr=1.00e-04
Epoch 080 | loss=0.140406 | PM@0.50=0.108992 | PF@0.50=0.351977 | p_mean=0.3371 | skip=0 | lr=1.00e-04
Epoch 081 | loss=0.141034 | PM@0.50=0.112792 | PF@0.50=0.349310 | p_mean=0.3346 | skip=0 | lr=1.00e-04
Epoch 082 | loss=0.139942 | PM@0.50=0.110453 | PF@0.50=0.351298 | p_mean=0.3356 | skip=0 | lr=1.00e-04
Epoch 083 | loss=0.140267 | PM@0.50=0.108212 | PF@0.50=0.352941 | p_mean=0.3367 | skip=0 | lr=1.00e-04
Epoch 084 | loss=0.139881 | PM@0.50=0.105118 | PF@0.50=0.356370 | p_mean=0.3384 | skip=0 | lr=1.00e-04
Epoch 085 | loss=0.139842 | PM@0.50=0.107189 | PF@0.50=0.353149 | p_mean=0.3373 | skip=0 | lr=1.00e-04
Epoch 086 | loss=0.140233 | PM@0.50=0.115667 | PF@0.50=0.344947 | p_mean=0.3327 | skip=0 | lr=1.00e-04
Epoch 087 | loss=0.140321 | PM@0.50=0.102999 | PF@0.50=0.357899 | p_mean=0.3391 | skip=0 | lr=1.00e-04
Epoch 088 | loss=0.140162 | PM@0.50=0.101318 | PF@0.50=0.360235 | p_mean=0.3395 | skip=0 | lr=1.00e-04
Epoch 089 | loss=0.139769 | PM@0.50=0.113450 | PF@0.50=0.347660 | p_mean=0.3343 | skip=0 | lr=1.00e-04
Epoch 090 | loss=0.139553 | PM@0.50=0.109357 | PF@0.50=0.351143 | p_mean=0.3378 | skip=0 | lr=1.00e-04
Epoch 091 | loss=0.139469 | PM@0.50=0.109260 | PF@0.50=0.349512 | p_mean=0.3347 | skip=0 | lr=1.00e-05
Epoch 092 | loss=0.139524 | PM@0.50=0.109698 | PF@0.50=0.348788 | p_mean=0.3338 | skip=0 | lr=1.00e-05
Epoch 093 | loss=0.139543 | PM@0.50=0.107457 | PF@0.50=0.350693 | p_mean=0.3349 | skip=0 | lr=1.00e-05
Epoch 094 | loss=0.139287 | PM@0.50=0.109552 | PF@0.50=0.349026 | p_mean=0.3343 | skip=0 | lr=1.00e-05
Epoch 095 | loss=0.139258 | PM@0.50=0.108846 | PF@0.50=0.348580 | p_mean=0.3342 | skip=0 | lr=1.00e-05
Epoch 096 | loss=0.138931 | PM@0.50=0.109381 | PF@0.50=0.348079 | p_mean=0.3339 | skip=0 | lr=1.00e-05
Epoch 097 | loss=0.139660 | PM@0.50=0.108724 | PF@0.50=0.348824 | p_mean=0.3343 | skip=0 | lr=1.00e-05
Epoch 098 | loss=0.138888 | PM@0.50=0.109381 | PF@0.50=0.348395 | p_mean=0.3340 | skip=0 | lr=1.00e-06
Epoch 099 | loss=0.138918 | PM@0.50=0.108821 | PF@0.50=0.348911 | p_mean=0.3342 | skip=0 | lr=1.00e-06
Epoch 100 | loss=0.139344 | PM@0.50=0.108651 | PF@0.50=0.349130 | p_mean=0.3344 | skip=0 | lr=1.00e-06
